Copyright 1986-2018 Xilinx, Inc. All Rights Reserved.
-------------------------------------------------------------------------------------------------
| Tool Version : Vivado v.2018.2 (win64) Build 2258646 Thu Jun 14 20:03:12 MDT 2018
| Date         : Sat Sep 12 23:07:04 2026
| Host         : DESKTOP-1IDCUPR running 64-bit major release  (build 9200)
| Command      : report_control_sets -verbose -file top_conv_accelerator_control_sets_placed.rpt
| Design       : top_conv_accelerator
| Device       : xc7z020
-------------------------------------------------------------------------------------------------

Control Set Information

Table of Contents
-----------------
1. Summary
2. Histogram
3. Flip-Flop Distribution
4. Detailed Control Set Information

1. Summary
----------

+----------------------------------------------------------+-------+
|                          Status                          | Count |
+----------------------------------------------------------+-------+
| Number of unique control sets                            |    82 |
| Unused register locations in slices containing registers |    60 |
+----------------------------------------------------------+-------+


2. Histogram
------------

+--------+--------------+
| Fanout | Control Sets |
+--------+--------------+
|      2 |            4 |
|      4 |            1 |
|      8 |            1 |
|     12 |            3 |
|     14 |            2 |
|    16+ |           71 |
+--------+--------------+


3. Flip-Flop Distribution
-------------------------

+--------------+-----------------------+------------------------+-----------------+--------------+
| Clock Enable | Synchronous Set/Reset | Asynchronous Set/Reset | Total Registers | Total Slices |
+--------------+-----------------------+------------------------+-----------------+--------------+
| No           | No                    | No                     |               2 |            1 |
| No           | No                    | Yes                    |             396 |           62 |
| No           | Yes                   | No                     |               0 |            0 |
| Yes          | No                    | No                     |            1024 |          169 |
| Yes          | No                    | Yes                    |             790 |          128 |
| Yes          | Yes                   | No                     |               0 |            0 |
+--------------+-----------------------+------------------------+-----------------+--------------+


4. Detailed Control Set Information
-----------------------------------

+----------------+-----------------------------------------------------+---------------------------------------+------------------+----------------+
|  Clock Signal  |                    Enable Signal                    |            Set/Reset Signal           | Slice Load Count | Bel Load Count |
+----------------+-----------------------------------------------------+---------------------------------------+------------------+----------------+
|  clk_IBUF_BUFG | kernel_regs[1][0][2][7]_i_1_n_0                     | kernel_regs[1][0][2][0]_i_1_n_0       |                1 |              2 |
|  clk_IBUF_BUFG | start_IBUF                                          | u_mac_array/acc_s2_reg[0]_0           |                1 |              2 |
|  clk_IBUF_BUFG | start_IBUF                                          | active_bank_r[0]_i_1_n_0              |                1 |              2 |
|  clk_IBUF_BUFG | kernel_regs[1][2][2][7]_i_1_n_0                     | u_mac_array/acc_s2_reg[0]_0           |                1 |              2 |
|  clk_IBUF_BUFG |                                                     |                                       |                2 |              4 |
|  clk_IBUF_BUFG | u_fsm/FSM_onehot_state[3]_i_1_n_0                   | u_line_buffer/win_reg[2][0][0]_0      |                1 |              8 |
|  clk_IBUF_BUFG | start_IBUF                                          | u_line_buffer/win_reg[2][0][0]_0      |                4 |             12 |
|  clk_IBUF_BUFG | u_fsm/E[0]                                          | u_line_buffer/win_reg[2][0][0]_0      |                2 |             12 |
|  clk_IBUF_BUFG | u_fsm/wr_row_reg[5]                                 | u_line_buffer/win_reg[2][0][0]_0      |                2 |             12 |
|  clk_IBUF_BUFG | kernel_regs[1][0][2][7]_i_1_n_0                     | active_bank_r[0]_i_1_n_0              |                1 |             14 |
|  clk_IBUF_BUFG | kernel_regs[1][2][2][7]_i_1_n_0                     | kernel_regs[1][0][2][0]_i_1_n_0       |                1 |             14 |
|  clk_IBUF_BUFG | kernel_regs[0][2][2][7]_i_1_n_0                     | kernel_regs[2][1][0][7]_i_2_n_0       |                2 |             16 |
|  clk_IBUF_BUFG | kernel_regs[1][0][0][7]_i_1_n_0                     | active_bank_r[0]_i_1_n_0              |                2 |             16 |
|  clk_IBUF_BUFG | kernel_regs[1][0][1][7]_i_1_n_0                     | active_bank_r[0]_i_1_n_0              |                3 |             16 |
|  clk_IBUF_BUFG | kernel_regs[1][1][0][7]_i_1_n_0                     | kernel_regs[1][0][2][0]_i_1_n_0       |                1 |             16 |
|  clk_IBUF_BUFG | kernel_regs[1][2][0][7]_i_1_n_0                     | kernel_regs[1][0][2][0]_i_1_n_0       |                3 |             16 |
|  clk_IBUF_BUFG | kernel_regs[2][0][1][7]_i_1_n_0                     | active_bank_r[0]_i_1_n_0              |                2 |             16 |
|  clk_IBUF_BUFG | kernel_regs[1][1][1][7]_i_1_n_0                     | kernel_regs[1][0][2][0]_i_1_n_0       |                2 |             16 |
|  clk_IBUF_BUFG | kernel_regs[2][1][1][7]_i_1_n_0                     | kernel_regs[2][1][0][7]_i_2_n_0       |                2 |             16 |
|  clk_IBUF_BUFG | kernel_regs[1][2][1][7]_i_1_n_0                     | kernel_regs[1][0][2][0]_i_1_n_0       |                2 |             16 |
|  clk_IBUF_BUFG | kernel_regs[2][1][2][7]_i_1_n_0                     | kernel_regs[2][1][0][7]_i_2_n_0       |                1 |             16 |
|  clk_IBUF_BUFG | kernel_regs[2][2][0][7]_i_1_n_0                     | kernel_regs[2][1][0][7]_i_2_n_0       |                3 |             16 |
|  clk_IBUF_BUFG | kernel_regs[3][0][0][7]_i_1_n_0                     | active_bank_r[0]_i_1_n_0              |                2 |             16 |
|  clk_IBUF_BUFG | kernel_regs[3][0][2][7]_i_1_n_0                     | active_bank_r[0]_i_1_n_0              |                2 |             16 |
|  clk_IBUF_BUFG | kernel_regs[2][2][1][7]_i_1_n_0                     | kernel_regs[2][1][0][7]_i_2_n_0       |                2 |             16 |
|  clk_IBUF_BUFG | kernel_regs[2][1][0][7]_i_1_n_0                     | kernel_regs[2][1][0][7]_i_2_n_0       |                2 |             16 |
|  clk_IBUF_BUFG | kernel_regs[0][2][0][7]_i_1_n_0                     | kernel_regs[2][1][0][7]_i_2_n_0       |                4 |             16 |
|  clk_IBUF_BUFG | kernel_regs[2][0][0][7]_i_1_n_0                     | active_bank_r[0]_i_1_n_0              |                2 |             16 |
|  clk_IBUF_BUFG | kernel_regs[3][1][0][7]_i_1_n_0                     | kernel_regs[1][0][2][0]_i_1_n_0       |                3 |             16 |
|  clk_IBUF_BUFG | kernel_regs[3][1][1][7]_i_1_n_0                     | kernel_regs[1][0][2][0]_i_1_n_0       |                2 |             16 |
|  clk_IBUF_BUFG | kernel_regs[3][1][2][7]_i_1_n_0                     | kernel_regs[1][0][2][0]_i_1_n_0       |                3 |             16 |
|  clk_IBUF_BUFG | kernel_regs[3][2][0][7]_i_1_n_0                     | kernel_regs[1][0][2][0]_i_1_n_0       |                4 |             16 |
|  clk_IBUF_BUFG | kernel_regs[1][1][2][7]_i_1_n_0                     | kernel_regs[1][0][2][0]_i_1_n_0       |                1 |             16 |
|  clk_IBUF_BUFG | kernel_regs[2][0][2][7]_i_1_n_0                     | active_bank_r[0]_i_1_n_0              |                2 |             16 |
|  clk_IBUF_BUFG | kernel_regs[3][0][1][7]_i_1_n_0                     | active_bank_r[0]_i_1_n_0              |                2 |             16 |
|  clk_IBUF_BUFG | kernel_regs[0][1][0][7]_i_1_n_0                     | kernel_regs[2][1][0][7]_i_2_n_0       |                2 |             16 |
|  clk_IBUF_BUFG | kernel_regs[0][0][2][7]_i_1_n_0                     | active_bank_r[0]_i_1_n_0              |                2 |             16 |
|  clk_IBUF_BUFG | kernel_regs[3][2][1][7]_i_1_n_0                     | kernel_regs[1][0][2][0]_i_1_n_0       |                2 |             16 |
|  clk_IBUF_BUFG | kernel_regs[0][0][1][7]_i_1_n_0                     | active_bank_r[0]_i_1_n_0              |                1 |             16 |
|  clk_IBUF_BUFG | kernel_regs[3][2][2][7]_i_1_n_0                     | kernel_regs[1][0][2][0]_i_1_n_0       |                2 |             16 |
|  clk_IBUF_BUFG | kernel_regs[0][1][2][7]_i_1_n_0                     | kernel_regs[2][1][0][7]_i_2_n_0       |                2 |             16 |
|  clk_IBUF_BUFG | kernel_regs[2][2][2][7]_i_1_n_0                     | kernel_regs[2][1][0][7]_i_2_n_0       |                2 |             16 |
|  clk_IBUF_BUFG | kernel_regs[0][0][0][7]_i_1_n_0                     | active_bank_r[0]_i_1_n_0              |                2 |             16 |
|  clk_IBUF_BUFG | kernel_regs[0][1][1][7]_i_1_n_0                     | kernel_regs[2][1][0][7]_i_2_n_0       |                2 |             16 |
|  clk_IBUF_BUFG | kernel_regs[0][2][1][7]_i_1_n_0                     | kernel_regs[2][1][0][7]_i_2_n_0       |                1 |             16 |
|  clk_IBUF_BUFG | u_fsm/out_cnt_n                                     | u_line_buffer/win_reg[2][0][0]_0      |                3 |             22 |
|  clk_IBUF_BUFG | u_line_buffer/g_row_wr[1].row_ram[1][16][7]_i_1_n_0 |                                       |                2 |             32 |
|  clk_IBUF_BUFG | u_line_buffer/g_row_wr[1].row_ram[1][18][7]_i_1_n_0 |                                       |                3 |             32 |
|  clk_IBUF_BUFG | u_line_buffer/g_row_wr[1].row_ram[1][3][7]_i_1_n_0  |                                       |                5 |             32 |
|  clk_IBUF_BUFG | u_line_buffer/g_row_wr[1].row_ram[1][5][7]_i_1_n_0  |                                       |                6 |             32 |
|  clk_IBUF_BUFG | u_line_buffer/g_row_wr[1].row_ram[1][17][7]_i_1_n_0 |                                       |                4 |             32 |
|  clk_IBUF_BUFG | u_line_buffer/g_row_wr[1].row_ram[1][19][7]_i_1_n_0 |                                       |                4 |             32 |
|  clk_IBUF_BUFG | u_line_buffer/g_row_wr[1].row_ram[1][1][7]_i_1_n_0  |                                       |                4 |             32 |
|  clk_IBUF_BUFG | u_line_buffer/g_row_wr[1].row_ram[1][20][7]_i_1_n_0 |                                       |                3 |             32 |
|  clk_IBUF_BUFG | u_line_buffer/g_row_wr[1].row_ram[1][21][7]_i_1_n_0 |                                       |                4 |             32 |
|  clk_IBUF_BUFG | u_line_buffer/g_row_wr[1].row_ram[1][11][7]_i_1_n_0 |                                       |                5 |             32 |
|  clk_IBUF_BUFG | u_line_buffer/g_row_wr[1].row_ram[1][22][7]_i_1_n_0 |                                       |                5 |             32 |
|  clk_IBUF_BUFG | u_line_buffer/g_row_wr[1].row_ram[1][0][7]_i_1_n_0  |                                       |                3 |             32 |
|  clk_IBUF_BUFG | u_line_buffer/g_row_wr[1].row_ram[1][10][7]_i_1_n_0 |                                       |                4 |             32 |
|  clk_IBUF_BUFG | u_line_buffer/g_row_wr[1].row_ram[1][12][7]_i_1_n_0 |                                       |                6 |             32 |
|  clk_IBUF_BUFG | u_line_buffer/g_row_wr[1].row_ram[1][13][7]_i_1_n_0 |                                       |                4 |             32 |
|  clk_IBUF_BUFG | u_line_buffer/g_row_wr[1].row_ram[1][15][7]_i_1_n_0 |                                       |                5 |             32 |
|  clk_IBUF_BUFG | u_line_buffer/g_row_wr[1].row_ram[1][14][7]_i_1_n_0 |                                       |                6 |             32 |
|  clk_IBUF_BUFG | u_line_buffer/g_row_wr[1].row_ram[1][31][7]_i_1_n_0 |                                       |                9 |             32 |
|  clk_IBUF_BUFG | u_line_buffer/g_row_wr[1].row_ram[1][8][7]_i_1_n_0  |                                       |                6 |             32 |
|  clk_IBUF_BUFG | u_line_buffer/g_row_wr[1].row_ram[1][2][7]_i_1_n_0  |                                       |                4 |             32 |
|  clk_IBUF_BUFG | u_line_buffer/g_row_wr[1].row_ram[1][26][7]_i_1_n_0 |                                       |                6 |             32 |
|  clk_IBUF_BUFG | u_line_buffer/g_row_wr[1].row_ram[1][24][7]_i_1_n_0 |                                       |                5 |             32 |
|  clk_IBUF_BUFG | u_line_buffer/g_row_wr[1].row_ram[1][25][7]_i_1_n_0 |                                       |                7 |             32 |
|  clk_IBUF_BUFG | u_line_buffer/g_row_wr[1].row_ram[1][29][7]_i_1_n_0 |                                       |                5 |             32 |
|  clk_IBUF_BUFG | u_line_buffer/g_row_wr[1].row_ram[1][4][7]_i_1_n_0  |                                       |                4 |             32 |
|  clk_IBUF_BUFG | u_line_buffer/g_row_wr[1].row_ram[1][23][7]_i_1_n_0 |                                       |                9 |             32 |
|  clk_IBUF_BUFG | u_line_buffer/g_row_wr[1].row_ram[1][30][7]_i_1_n_0 |                                       |                5 |             32 |
|  clk_IBUF_BUFG | u_line_buffer/g_row_wr[1].row_ram[1][28][7]_i_1_n_0 |                                       |                6 |             32 |
|  clk_IBUF_BUFG | u_line_buffer/g_row_wr[1].row_ram[1][9][7]_i_1_n_0  |                                       |               10 |             32 |
|  clk_IBUF_BUFG | u_line_buffer/g_row_wr[1].row_ram[1][27][7]_i_1_n_0 |                                       |                5 |             32 |
|  clk_IBUF_BUFG | u_line_buffer/g_row_wr[1].row_ram[1][7][7]_i_1_n_0  |                                       |               10 |             32 |
|  clk_IBUF_BUFG | u_line_buffer/g_row_wr[1].row_ram[1][6][7]_i_1_n_0  |                                       |                5 |             32 |
|  clk_IBUF_BUFG |                                                     | u_line_buffer/win_reg[2][0][0]_0      |                7 |             34 |
|  clk_IBUF_BUFG |                                                     | u_mac_array/acc_s2_reg[0]_0           |               10 |             74 |
|  clk_IBUF_BUFG | u_fsm/lb_in_valid                                   | u_line_buffer/win_reg[2][0][0]_0      |               38 |            144 |
|  clk_IBUF_BUFG |                                                     | u_mac_array/prod_s1[0][1][15]_i_2_n_0 |               45 |            288 |
+----------------+-----------------------------------------------------+---------------------------------------+------------------+----------------+


