Copyright 1986-2018 Xilinx, Inc. All Rights Reserved.
------------------------------------------------------------------------------------
| Tool Version : Vivado v.2018.2 (win64) Build 2258646 Thu Jun 14 20:03:12 MDT 2018
| Date         : Wed Sep  9 02:31:31 2026
| Host         : DESKTOP-1IDCUPR running 64-bit major release  (build 9200)
| Command      : report_timing_summary -file post_route_timing.rpt
| Design       : top_conv_accelerator
| Device       : 7z020-clg400
| Speed File   : -1  PRODUCTION 1.11 2014-09-11
------------------------------------------------------------------------------------

Timing Summary Report

------------------------------------------------------------------------------------------------
| Timer Settings
| --------------
------------------------------------------------------------------------------------------------

  Enable Multi Corner Analysis               :  Yes
  Enable Pessimism Removal                   :  Yes
  Pessimism Removal Resolution               :  Nearest Common Node
  Enable Input Delay Default Clock           :  No
  Enable Preset / Clear Arcs                 :  No
  Disable Flight Delays                      :  No
  Ignore I/O Paths                           :  No
  Timing Early Launch at Borrowing Latches   :  false

  Corner  Analyze    Analyze    
  Name    Max Paths  Min Paths  
  ------  ---------  ---------  
  Slow    Yes        Yes        
  Fast    Yes        Yes        



check_timing report

Table of Contents
-----------------
1. checking no_clock
2. checking constant_clock
3. checking pulse_width_clock
4. checking unconstrained_internal_endpoints
5. checking no_input_delay
6. checking no_output_delay
7. checking multiple_clock
8. checking generated_clocks
9. checking loops
10. checking partial_input_delay
11. checking partial_output_delay
12. checking latch_loops

1. checking no_clock
--------------------
 There are 0 register/latch pins with no clock.


2. checking constant_clock
--------------------------
 There are 0 register/latch pins with constant_clock.


3. checking pulse_width_clock
-----------------------------
 There are 0 register/latch pins which need pulse_width check


4. checking unconstrained_internal_endpoints
--------------------------------------------
 There are 0 pins that are not constrained for maximum delay.

 There are 0 pins that are not constrained for maximum delay due to constant clock.


5. checking no_input_delay
--------------------------
 There are 41 input ports with no input delay specified. (HIGH)

 There are 0 input ports with no input delay but user has a false path constraint.


6. checking no_output_delay
---------------------------
 There are 20 ports with no output delay specified. (HIGH)

 There are 0 ports with no output delay but user has a false path constraint

 There are 0 ports with no output delay but with a timing clock defined on it or propagating through it


7. checking multiple_clock
--------------------------
 There are 0 register/latch pins with multiple clocks.


8. checking generated_clocks
----------------------------
 There are 0 generated clocks that are not connected to a clock source.


9. checking loops
-----------------
 There are 0 combinational loops in the design.


10. checking partial_input_delay
--------------------------------
 There are 0 input ports with partial input delay specified.


11. checking partial_output_delay
---------------------------------
 There are 0 ports with partial output delay specified.


12. checking latch_loops
------------------------
 There are 0 combinational latch loops in the design through latch input



------------------------------------------------------------------------------------------------
| Design Timing Summary
| ---------------------
------------------------------------------------------------------------------------------------

    WNS(ns)      TNS(ns)  TNS Failing Endpoints  TNS Total Endpoints      WHS(ns)      THS(ns)  THS Failing Endpoints  THS Total Endpoints     WPWS(ns)     TPWS(ns)  TPWS Failing Endpoints  TPWS Total Endpoints  
    -------      -------  ---------------------  -------------------      -------      -------  ---------------------  -------------------     --------     --------  ----------------------  --------------------  
      5.144        0.000                      0                 1157        0.185        0.000                      0                 1157        6.520        0.000                       0                  1108  


All user specified timing constraints are met.


------------------------------------------------------------------------------------------------
| Clock Summary
| -------------
------------------------------------------------------------------------------------------------

Clock  Waveform(ns)       Period(ns)      Frequency(MHz)
-----  ------------       ----------      --------------
clk    {0.000 7.500}      15.000          66.667          


------------------------------------------------------------------------------------------------
| Intra Clock Table
| -----------------
------------------------------------------------------------------------------------------------

Clock             WNS(ns)      TNS(ns)  TNS Failing Endpoints  TNS Total Endpoints      WHS(ns)      THS(ns)  THS Failing Endpoints  THS Total Endpoints     WPWS(ns)     TPWS(ns)  TPWS Failing Endpoints  TPWS Total Endpoints  
-----             -------      -------  ---------------------  -------------------      -------      -------  ---------------------  -------------------     --------     --------  ----------------------  --------------------  
clk                 5.144        0.000                      0                 1157        0.185        0.000                      0                 1157        6.520        0.000                       0                  1108  


------------------------------------------------------------------------------------------------
| Inter Clock Table
| -----------------
------------------------------------------------------------------------------------------------

From Clock    To Clock          WNS(ns)      TNS(ns)  TNS Failing Endpoints  TNS Total Endpoints      WHS(ns)      THS(ns)  THS Failing Endpoints  THS Total Endpoints  
----------    --------          -------      -------  ---------------------  -------------------      -------      -------  ---------------------  -------------------  


------------------------------------------------------------------------------------------------
| Other Path Groups Table
| -----------------------
------------------------------------------------------------------------------------------------

Path Group    From Clock    To Clock          WNS(ns)      TNS(ns)  TNS Failing Endpoints  TNS Total Endpoints      WHS(ns)      THS(ns)  THS Failing Endpoints  THS Total Endpoints  
----------    ----------    --------          -------      -------  ---------------------  -------------------      -------      -------  ---------------------  -------------------  


------------------------------------------------------------------------------------------------
| Timing Details
| --------------
------------------------------------------------------------------------------------------------


---------------------------------------------------------------------------------------------------
From Clock:  clk
  To Clock:  clk

Setup :            0  Failing Endpoints,  Worst Slack        5.144ns,  Total Violation        0.000ns
Hold  :            0  Failing Endpoints,  Worst Slack        0.185ns,  Total Violation        0.000ns
PW    :            0  Failing Endpoints,  Worst Slack        6.520ns,  Total Violation        0.000ns
---------------------------------------------------------------------------------------------------


Max Delay Paths
--------------------------------------------------------------------------------------
Slack (MET) :             5.144ns  (required time - arrival time)
  Source:                 active_bank_r_reg[1]/C
                            (rising edge-triggered cell FDCE clocked by clk  {rise@0.000ns fall@7.500ns period=15.000ns})
  Destination:            u_mac_array/prod_s1_reg[1][1][15]/D
                            (rising edge-triggered cell FDCE clocked by clk  {rise@0.000ns fall@7.500ns period=15.000ns})
  Path Group:             clk
  Path Type:              Setup (Max at Slow Process Corner)
  Requirement:            15.000ns  (clk rise@15.000ns - clk rise@0.000ns)
  Data Path Delay:        9.830ns  (logic 3.224ns (32.797%)  route 6.606ns (67.203%))
  Logic Levels:           9  (CARRY4=4 LUT3=2 LUT4=1 LUT6=2)
  Clock Path Skew:        -0.053ns (DCD - SCD + CPR)
    Destination Clock Delay (DCD):    4.617ns = ( 19.617 - 15.000 ) 
    Source Clock Delay      (SCD):    5.129ns
    Clock Pessimism Removal (CPR):    0.458ns
  Clock Uncertainty:      0.035ns  ((TSJ^2 + TIJ^2)^1/2 + DJ) / 2 + PE
    Total System Jitter     (TSJ):    0.071ns
    Total Input Jitter      (TIJ):    0.000ns
    Discrete Jitter          (DJ):    0.000ns
    Phase Error              (PE):    0.000ns

    Location             Delay type                Incr(ns)  Path(ns)    Netlist Resource(s)
  -------------------------------------------------------------------    -------------------
                         (clock clk rise edge)        0.000     0.000 r  
    U14                                               0.000     0.000 r  clk (IN)
                         net (fo=0)                   0.000     0.000    clk
    U14                  IBUF (Prop_ibuf_I_O)         1.075     1.075 r  clk_IBUF_inst/O
                         net (fo=1, routed)           2.205     3.280    clk_IBUF
    BUFGCTRL_X0Y16       BUFG (Prop_bufg_I_O)         0.101     3.381 r  clk_IBUF_BUFG_inst/O
                         net (fo=1107, routed)        1.748     5.129    clk_IBUF_BUFG
    SLICE_X31Y49         FDCE                                         r  active_bank_r_reg[1]/C
  -------------------------------------------------------------------    -------------------
    SLICE_X31Y49         FDCE (Prop_fdce_C_Q)         0.456     5.585 r  active_bank_r_reg[1]/Q
                         net (fo=72, routed)          2.365     7.950    u_mac_array/active_bank_r_reg[1][1]
    SLICE_X12Y47         LUT6 (Prop_lut6_I3_O)        0.124     8.074 f  u_mac_array/prod_s1[1][1][2]_i_14/O
                         net (fo=16, routed)          1.570     9.644    u_mac_array/kernel_flat[32]
    SLICE_X11Y40         LUT3 (Prop_lut3_I2_O)        0.152     9.796 r  u_mac_array/prod_s1[1][1][2]_i_16/O
                         net (fo=2, routed)           1.116    10.912    u_line_buffer/win_reg[1][1][3]_1
    SLICE_X10Y42         LUT6 (Prop_lut6_I0_O)        0.326    11.238 r  u_line_buffer/prod_s1[1][1][10]_i_21/O
                         net (fo=1, routed)           0.000    11.238    u_mac_array/win_reg[1][1][6][0]
    SLICE_X10Y42         CARRY4 (Prop_carry4_S[0]_CO[3])
                                                      0.513    11.751 r  u_mac_array/prod_s1_reg[1][1][10]_i_10/CO[3]
                         net (fo=1, routed)           0.000    11.751    u_mac_array/prod_s1_reg[1][1][10]_i_10_n_0
    SLICE_X10Y43         CARRY4 (Prop_carry4_CI_O[2])
                                                      0.239    11.990 r  u_mac_array/prod_s1_reg[1][1][14]_i_10/O[2]
                         net (fo=2, routed)           0.953    12.943    u_mac_array/prod_s1_reg[1][1][14]_i_10_n_5
    SLICE_X9Y42          LUT3 (Prop_lut3_I2_O)        0.327    13.270 r  u_mac_array/prod_s1[1][1][14]_i_5/O
                         net (fo=2, routed)           0.602    13.872    u_mac_array/prod_s1[1][1][14]_i_5_n_0
    SLICE_X9Y43          LUT4 (Prop_lut4_I0_O)        0.332    14.204 r  u_mac_array/prod_s1[1][1][14]_i_9/O
                         net (fo=1, routed)           0.000    14.204    u_mac_array/prod_s1[1][1][14]_i_9_n_0
    SLICE_X9Y43          CARRY4 (Prop_carry4_S[0]_CO[3])
                                                      0.532    14.736 r  u_mac_array/prod_s1_reg[1][1][14]_i_1/CO[3]
                         net (fo=1, routed)           0.000    14.736    u_mac_array/prod_s1_reg[1][1][14]_i_1_n_0
    SLICE_X9Y44          CARRY4 (Prop_carry4_CI_O[0])
                                                      0.223    14.959 r  u_mac_array/prod_s1_reg[1][1][15]_i_1/O[0]
                         net (fo=1, routed)           0.000    14.959    u_mac_array/prod_s1_reg[1][1][15]_i_1_n_7
    SLICE_X9Y44          FDCE                                         r  u_mac_array/prod_s1_reg[1][1][15]/D
  -------------------------------------------------------------------    -------------------

                         (clock clk rise edge)       15.000    15.000 r  
    U14                                               0.000    15.000 r  clk (IN)
                         net (fo=0)                   0.000    15.000    clk
    U14                  IBUF (Prop_ibuf_I_O)         0.940    15.940 r  clk_IBUF_inst/O
                         net (fo=1, routed)           2.006    17.946    clk_IBUF
    BUFGCTRL_X0Y16       BUFG (Prop_bufg_I_O)         0.091    18.037 r  clk_IBUF_BUFG_inst/O
                         net (fo=1107, routed)        1.580    19.617    u_mac_array/clk_IBUF_BUFG
    SLICE_X9Y44          FDCE                                         r  u_mac_array/prod_s1_reg[1][1][15]/C
                         clock pessimism              0.458    20.076    
                         clock uncertainty           -0.035    20.040    
    SLICE_X9Y44          FDCE (Setup_fdce_C_D)        0.062    20.102    u_mac_array/prod_s1_reg[1][1][15]
  -------------------------------------------------------------------
                         required time                         20.102    
                         arrival time                         -14.959    
  -------------------------------------------------------------------
                         slack                                  5.144    





Min Delay Paths
--------------------------------------------------------------------------------------
Slack (MET) :             0.185ns  (arrival time - required time)
  Source:                 u_line_buffer/win_reg[2][2][2]/C
                            (rising edge-triggered cell FDCE clocked by clk  {rise@0.000ns fall@7.500ns period=15.000ns})
  Destination:            u_line_buffer/win_reg[2][1][2]/D
                            (rising edge-triggered cell FDCE clocked by clk  {rise@0.000ns fall@7.500ns period=15.000ns})
  Path Group:             clk
  Path Type:              Hold (Min at Fast Process Corner)
  Requirement:            0.000ns  (clk rise@0.000ns - clk rise@0.000ns)
  Data Path Delay:        0.273ns  (logic 0.141ns (51.623%)  route 0.132ns (48.377%))
  Logic Levels:           0  
  Clock Path Skew:        0.016ns (DCD - SCD - CPR)
    Destination Clock Delay (DCD):    2.104ns
    Source Clock Delay      (SCD):    1.586ns
    Clock Pessimism Removal (CPR):    0.502ns

    Location             Delay type                Incr(ns)  Path(ns)    Netlist Resource(s)
  -------------------------------------------------------------------    -------------------
                         (clock clk rise edge)        0.000     0.000 r  
    U14                                               0.000     0.000 r  clk (IN)
                         net (fo=0)                   0.000     0.000    clk
    U14                  IBUF (Prop_ibuf_I_O)         0.302     0.302 r  clk_IBUF_inst/O
                         net (fo=1, routed)           0.674     0.976    clk_IBUF
    BUFGCTRL_X0Y16       BUFG (Prop_bufg_I_O)         0.026     1.002 r  clk_IBUF_BUFG_inst/O
                         net (fo=1107, routed)        0.584     1.586    u_line_buffer/clk_IBUF_BUFG
    SLICE_X24Y31         FDCE                                         r  u_line_buffer/win_reg[2][2][2]/C
  -------------------------------------------------------------------    -------------------
    SLICE_X24Y31         FDCE (Prop_fdce_C_Q)         0.141     1.727 r  u_line_buffer/win_reg[2][2][2]/Q
                         net (fo=18, routed)          0.132     1.859    u_line_buffer/win_reg[2][1][7]_0[31]
    SLICE_X24Y33         FDCE                                         r  u_line_buffer/win_reg[2][1][2]/D
  -------------------------------------------------------------------    -------------------

                         (clock clk rise edge)        0.000     0.000 r  
    U14                                               0.000     0.000 r  clk (IN)
                         net (fo=0)                   0.000     0.000    clk
    U14                  IBUF (Prop_ibuf_I_O)         0.492     0.492 r  clk_IBUF_inst/O
                         net (fo=1, routed)           0.731     1.223    clk_IBUF
    BUFGCTRL_X0Y16       BUFG (Prop_bufg_I_O)         0.029     1.252 r  clk_IBUF_BUFG_inst/O
                         net (fo=1107, routed)        0.852     2.104    u_line_buffer/clk_IBUF_BUFG
    SLICE_X24Y33         FDCE                                         r  u_line_buffer/win_reg[2][1][2]/C
                         clock pessimism             -0.502     1.602    
    SLICE_X24Y33         FDCE (Hold_fdce_C_D)         0.072     1.674    u_line_buffer/win_reg[2][1][2]
  -------------------------------------------------------------------
                         required time                         -1.674    
                         arrival time                           1.859    
  -------------------------------------------------------------------
                         slack                                  0.185    





Pulse Width Checks
--------------------------------------------------------------------------------------
Clock Name:         clk
Waveform(ns):       { 0.000 7.500 }
Period(ns):         15.000
Sources:            { clk }

Check Type        Corner  Lib Pin     Reference Pin  Required(ns)  Actual(ns)  Slack(ns)  Location        Pin
Min Period        n/a     BUFG/I      n/a            2.155         15.000      12.845     BUFGCTRL_X0Y16  clk_IBUF_BUFG_inst/I
Low Pulse Width   Slow    SRL16E/CLK  n/a            0.980         7.500       6.520      SLICE_X22Y30    u_mac_array/win_valid_s1_reg_srl2_u_mac_array_win_valid_s1_reg_c/CLK
High Pulse Width  Slow    SRL16E/CLK  n/a            0.980         7.500       6.520      SLICE_X22Y30    u_mac_array/win_valid_s1_reg_srl2_u_mac_array_win_valid_s1_reg_c/CLK



