INFO: [VRFC 10-2263] Analyzing Verilog file "C:/Users/compumarts/Desktop/project_3/project_3.sim/sim_1/impl/func/xsim/tb_conv_accelerator_func_impl.v" into library xil_defaultlib
INFO: [VRFC 10-311] analyzing module dbg_hub
INFO: [VRFC 10-311] analyzing module dbg_hub_clk_x_pntrs
INFO: [VRFC 10-311] analyzing module dbg_hub_clk_x_pntrs_7
INFO: [VRFC 10-311] analyzing module dbg_hub_dmem
INFO: [VRFC 10-311] analyzing module dbg_hub_dmem_13
INFO: [VRFC 10-311] analyzing module dbg_hub_fifo_generator_ramfifo
INFO: [VRFC 10-311] analyzing module dbg_hub_fifo_generator_ramfifo__parameterized0
INFO: [VRFC 10-311] analyzing module dbg_hub_fifo_generator_top
INFO: [VRFC 10-311] analyzing module dbg_hub_fifo_generator_top__parameterized0
INFO: [VRFC 10-311] analyzing module dbg_hub_fifo_generator_v13_1_4
INFO: [VRFC 10-311] analyzing module dbg_hub_fifo_generator_v13_1_4__parameterized0
INFO: [VRFC 10-311] analyzing module dbg_hub_fifo_generator_v13_1_4_synth
INFO: [VRFC 10-311] analyzing module dbg_hub_fifo_generator_v13_1_4_synth__parameterized0
INFO: [VRFC 10-311] analyzing module dbg_hub_ltlib_v1_0_0_bscan
INFO: [VRFC 10-311] analyzing module dbg_hub_memory
INFO: [VRFC 10-311] analyzing module dbg_hub_memory__parameterized0
INFO: [VRFC 10-311] analyzing module dbg_hub_rd_bin_cntr
INFO: [VRFC 10-311] analyzing module dbg_hub_rd_bin_cntr_18
INFO: [VRFC 10-311] analyzing module dbg_hub_rd_fwft
INFO: [VRFC 10-311] analyzing module dbg_hub_rd_handshaking_flags
INFO: [VRFC 10-311] analyzing module dbg_hub_rd_handshaking_flags__parameterized0
INFO: [VRFC 10-311] analyzing module dbg_hub_rd_logic
INFO: [VRFC 10-311] analyzing module dbg_hub_rd_logic__parameterized0
INFO: [VRFC 10-311] analyzing module dbg_hub_rd_status_flags_as
INFO: [VRFC 10-311] analyzing module dbg_hub_rd_status_flags_as_17
INFO: [VRFC 10-311] analyzing module dbg_hub_reset_blk_ramfifo
INFO: [VRFC 10-311] analyzing module dbg_hub_reset_blk_ramfifo_8
INFO: [VRFC 10-311] analyzing module dbg_hub_synchronizer_ff
INFO: [VRFC 10-311] analyzing module dbg_hub_synchronizer_ff_1
INFO: [VRFC 10-311] analyzing module dbg_hub_synchronizer_ff_10
INFO: [VRFC 10-311] analyzing module dbg_hub_synchronizer_ff_11
INFO: [VRFC 10-311] analyzing module dbg_hub_synchronizer_ff_12
INFO: [VRFC 10-311] analyzing module dbg_hub_synchronizer_ff_2
INFO: [VRFC 10-311] analyzing module dbg_hub_synchronizer_ff_3
INFO: [VRFC 10-311] analyzing module dbg_hub_synchronizer_ff_9
INFO: [VRFC 10-311] analyzing module dbg_hub_synchronizer_ff__parameterized0
INFO: [VRFC 10-311] analyzing module dbg_hub_synchronizer_ff__parameterized0_19
INFO: [VRFC 10-311] analyzing module dbg_hub_synchronizer_ff__parameterized0_20
INFO: [VRFC 10-311] analyzing module dbg_hub_synchronizer_ff__parameterized0_21
INFO: [VRFC 10-311] analyzing module dbg_hub_synchronizer_ff__parameterized0_22
INFO: [VRFC 10-311] analyzing module dbg_hub_synchronizer_ff__parameterized0_4
INFO: [VRFC 10-311] analyzing module dbg_hub_synchronizer_ff__parameterized0_5
INFO: [VRFC 10-311] analyzing module dbg_hub_synchronizer_ff__parameterized0_6
INFO: [VRFC 10-311] analyzing module dbg_hub_wr_bin_cntr
INFO: [VRFC 10-311] analyzing module dbg_hub_wr_bin_cntr_16
INFO: [VRFC 10-311] analyzing module dbg_hub_wr_handshaking_flags
INFO: [VRFC 10-311] analyzing module dbg_hub_wr_handshaking_flags_15
INFO: [VRFC 10-311] analyzing module dbg_hub_wr_logic
INFO: [VRFC 10-311] analyzing module dbg_hub_wr_logic__parameterized0
INFO: [VRFC 10-311] analyzing module dbg_hub_wr_status_flags_as
INFO: [VRFC 10-311] analyzing module dbg_hub_wr_status_flags_as_14
INFO: [VRFC 10-311] analyzing module dbg_hub_xsdbm_v3_0_0_addr_ctl
INFO: [VRFC 10-311] analyzing module dbg_hub_xsdbm_v3_0_0_bscan_switch
INFO: [VRFC 10-311] analyzing module dbg_hub_xsdbm_v3_0_0_burst_wdlen_ctl
INFO: [VRFC 10-311] analyzing module dbg_hub_xsdbm_v3_0_0_bus_ctl
INFO: [VRFC 10-311] analyzing module dbg_hub_xsdbm_v3_0_0_bus_ctl_cnt
INFO: [VRFC 10-311] analyzing module dbg_hub_xsdbm_v3_0_0_bus_ctl_flg
INFO: [VRFC 10-311] analyzing module dbg_hub_xsdbm_v3_0_0_bus_ctl_flg__parameterized0
INFO: [VRFC 10-311] analyzing module dbg_hub_xsdbm_v3_0_0_bus_mstr2sl_if
INFO: [VRFC 10-311] analyzing module dbg_hub_xsdbm_v3_0_0_cmd_decode
INFO: [VRFC 10-311] analyzing module dbg_hub_xsdbm_v3_0_0_ctl_reg
INFO: [VRFC 10-311] analyzing module dbg_hub_xsdbm_v3_0_0_ctl_reg__parameterized0
INFO: [VRFC 10-311] analyzing module dbg_hub_xsdbm_v3_0_0_ctl_reg__parameterized1
INFO: [VRFC 10-311] analyzing module dbg_hub_xsdbm_v3_0_0_ctl_reg__parameterized2
INFO: [VRFC 10-311] analyzing module dbg_hub_xsdbm_v3_0_0_icon
INFO: [VRFC 10-311] analyzing module dbg_hub_xsdbm_v3_0_0_icon2xsdb
INFO: [VRFC 10-311] analyzing module dbg_hub_xsdbm_v3_0_0_if
INFO: [VRFC 10-311] analyzing module dbg_hub_xsdbm_v3_0_0_if_static_status
INFO: [VRFC 10-311] analyzing module dbg_hub_xsdbm_v3_0_0_rdfifo
INFO: [VRFC 10-311] analyzing module dbg_hub_xsdbm_v3_0_0_rdreg
INFO: [VRFC 10-311] analyzing module dbg_hub_xsdbm_v3_0_0_stat
INFO: [VRFC 10-311] analyzing module dbg_hub_xsdbm_v3_0_0_stat_reg
INFO: [VRFC 10-311] analyzing module dbg_hub_xsdbm_v3_0_0_stat_reg__parameterized0
INFO: [VRFC 10-311] analyzing module dbg_hub_xsdbm_v3_0_0_stat_reg__parameterized0_0
INFO: [VRFC 10-311] analyzing module dbg_hub_xsdbm_v3_0_0_sync
INFO: [VRFC 10-311] analyzing module dbg_hub_xsdbm_v3_0_0_wrfifo
INFO: [VRFC 10-311] analyzing module dbg_hub_xsdbm_v3_0_0_wrreg
INFO: [VRFC 10-311] analyzing module dbg_hub_xsdbm_v3_0_0_xsdbm
INFO: [VRFC 10-311] analyzing module dbg_hub_xsdbm_v3_0_0_xsdbm_id
INFO: [VRFC 10-311] analyzing module design_1
INFO: [VRFC 10-311] analyzing module design_1_auto_pc_0
INFO: [VRFC 10-311] analyzing module design_1_auto_pc_0__axi_protocol_converter_v2_1_17_axi_protocol_converter
INFO: [VRFC 10-311] analyzing module design_1_auto_pc_0__axi_protocol_converter_v2_1_17_b2s
INFO: [VRFC 10-311] analyzing module design_1_auto_pc_0__axi_protocol_converter_v2_1_17_b2s_ar_channel
INFO: [VRFC 10-311] analyzing module design_1_auto_pc_0__axi_protocol_converter_v2_1_17_b2s_aw_channel
INFO: [VRFC 10-311] analyzing module design_1_auto_pc_0__axi_protocol_converter_v2_1_17_b2s_b_channel
INFO: [VRFC 10-311] analyzing module design_1_auto_pc_0__axi_protocol_converter_v2_1_17_b2s_cmd_translator
INFO: [VRFC 10-311] analyzing module design_1_auto_pc_0__axi_protocol_converter_v2_1_17_b2s_cmd_translator_1
INFO: [VRFC 10-311] analyzing module design_1_auto_pc_0__axi_protocol_converter_v2_1_17_b2s_incr_cmd
INFO: [VRFC 10-311] analyzing module design_1_auto_pc_0__axi_protocol_converter_v2_1_17_b2s_incr_cmd_2
INFO: [VRFC 10-311] analyzing module design_1_auto_pc_0__axi_protocol_converter_v2_1_17_b2s_r_channel
INFO: [VRFC 10-311] analyzing module design_1_auto_pc_0__axi_protocol_converter_v2_1_17_b2s_rd_cmd_fsm
INFO: [VRFC 10-311] analyzing module design_1_auto_pc_0__axi_protocol_converter_v2_1_17_b2s_simple_fifo
INFO: [VRFC 10-311] analyzing module design_1_auto_pc_0__axi_protocol_converter_v2_1_17_b2s_simple_fifo__parameterized0
INFO: [VRFC 10-311] analyzing module design_1_auto_pc_0__axi_protocol_converter_v2_1_17_b2s_simple_fifo__parameterized1
INFO: [VRFC 10-311] analyzing module design_1_auto_pc_0__axi_protocol_converter_v2_1_17_b2s_simple_fifo__parameterized2
INFO: [VRFC 10-311] analyzing module design_1_auto_pc_0__axi_protocol_converter_v2_1_17_b2s_wr_cmd_fsm
INFO: [VRFC 10-311] analyzing module design_1_auto_pc_0__axi_protocol_converter_v2_1_17_b2s_wrap_cmd
INFO: [VRFC 10-311] analyzing module design_1_auto_pc_0__axi_protocol_converter_v2_1_17_b2s_wrap_cmd_3
INFO: [VRFC 10-311] analyzing module design_1_auto_pc_0__axi_register_slice_v2_1_17_axi_register_slice
INFO: [VRFC 10-311] analyzing module design_1_auto_pc_0__axi_register_slice_v2_1_17_axic_register_slice
INFO: [VRFC 10-311] analyzing module design_1_auto_pc_0__axi_register_slice_v2_1_17_axic_register_slice_0
INFO: [VRFC 10-311] analyzing module design_1_auto_pc_0__axi_register_slice_v2_1_17_axic_register_slice__parameterized1
INFO: [VRFC 10-311] analyzing module design_1_auto_pc_0__axi_register_slice_v2_1_17_axic_register_slice__parameterized2
INFO: [VRFC 10-311] analyzing module design_1_axi_dma_0_0
INFO: [VRFC 10-311] analyzing module design_1_axi_dma_0_0_axi_datamover
INFO: [VRFC 10-311] analyzing module design_1_axi_dma_0_0_axi_datamover_addr_cntl
INFO: [VRFC 10-311] analyzing module design_1_axi_dma_0_0_axi_datamover_addr_cntl__parameterized0
INFO: [VRFC 10-311] analyzing module design_1_axi_dma_0_0_axi_datamover_cmd_status
INFO: [VRFC 10-311] analyzing module design_1_axi_dma_0_0_axi_datamover_cmd_status__parameterized0
INFO: [VRFC 10-311] analyzing module design_1_axi_dma_0_0_axi_datamover_fifo
INFO: [VRFC 10-311] analyzing module design_1_axi_dma_0_0_axi_datamover_fifo_16
INFO: [VRFC 10-311] analyzing module design_1_axi_dma_0_0_axi_datamover_fifo__parameterized0
INFO: [VRFC 10-311] analyzing module design_1_axi_dma_0_0_axi_datamover_fifo__parameterized1
INFO: [VRFC 10-311] analyzing module design_1_axi_dma_0_0_axi_datamover_fifo__parameterized1_17
INFO: [VRFC 10-311] analyzing module design_1_axi_dma_0_0_axi_datamover_fifo__parameterized2
INFO: [VRFC 10-311] analyzing module design_1_axi_dma_0_0_axi_datamover_fifo__parameterized3
INFO: [VRFC 10-311] analyzing module design_1_axi_dma_0_0_axi_datamover_fifo__parameterized4
INFO: [VRFC 10-311] analyzing module design_1_axi_dma_0_0_axi_datamover_fifo__parameterized5
INFO: [VRFC 10-311] analyzing module design_1_axi_dma_0_0_axi_datamover_fifo__parameterized6
INFO: [VRFC 10-311] analyzing module design_1_axi_dma_0_0_axi_datamover_fifo__parameterized7
INFO: [VRFC 10-311] analyzing module design_1_axi_dma_0_0_axi_datamover_fifo__parameterized8
INFO: [VRFC 10-311] analyzing module design_1_axi_dma_0_0_axi_datamover_fifo__parameterized9
INFO: [VRFC 10-311] analyzing module design_1_axi_dma_0_0_axi_datamover_ibttcc
INFO: [VRFC 10-311] analyzing module design_1_axi_dma_0_0_axi_datamover_indet_btt
INFO: [VRFC 10-311] analyzing module design_1_axi_dma_0_0_axi_datamover_mm2s_full_wrap
INFO: [VRFC 10-311] analyzing module design_1_axi_dma_0_0_axi_datamover_mssai_skid_buf
INFO: [VRFC 10-311] analyzing module design_1_axi_dma_0_0_axi_datamover_pcc
INFO: [VRFC 10-311] analyzing module design_1_axi_dma_0_0_axi_datamover_rd_sf
INFO: [VRFC 10-311] analyzing module design_1_axi_dma_0_0_axi_datamover_rd_status_cntl
INFO: [VRFC 10-311] analyzing module design_1_axi_dma_0_0_axi_datamover_rddata_cntl
INFO: [VRFC 10-311] analyzing module design_1_axi_dma_0_0_axi_datamover_reset
INFO: [VRFC 10-311] analyzing module design_1_axi_dma_0_0_axi_datamover_reset_14
INFO: [VRFC 10-311] analyzing module design_1_axi_dma_0_0_axi_datamover_s2mm_full_wrap
INFO: [VRFC 10-311] analyzing module design_1_axi_dma_0_0_axi_datamover_s2mm_realign
INFO: [VRFC 10-311] analyzing module design_1_axi_dma_0_0_axi_datamover_s2mm_scatter
INFO: [VRFC 10-311] analyzing module design_1_axi_dma_0_0_axi_datamover_sfifo_autord
INFO: [VRFC 10-311] analyzing module design_1_axi_dma_0_0_axi_datamover_sfifo_autord__parameterized0
INFO: [VRFC 10-311] analyzing module design_1_axi_dma_0_0_axi_datamover_sfifo_autord__parameterized1
INFO: [VRFC 10-311] analyzing module design_1_axi_dma_0_0_axi_datamover_skid2mm_buf
INFO: [VRFC 10-311] analyzing module design_1_axi_dma_0_0_axi_datamover_skid_buf
INFO: [VRFC 10-311] analyzing module design_1_axi_dma_0_0_axi_datamover_skid_buf_13
INFO: [VRFC 10-311] analyzing module design_1_axi_dma_0_0_axi_datamover_skid_buf__parameterized0
INFO: [VRFC 10-311] analyzing module design_1_axi_dma_0_0_axi_datamover_slice
INFO: [VRFC 10-311] analyzing module design_1_axi_dma_0_0_axi_datamover_strb_gen2
INFO: [VRFC 10-311] analyzing module design_1_axi_dma_0_0_axi_datamover_wr_status_cntl
INFO: [VRFC 10-311] analyzing module design_1_axi_dma_0_0_axi_datamover_wrdata_cntl
INFO: [VRFC 10-311] analyzing module design_1_axi_dma_0_0_axi_dma
INFO: [VRFC 10-311] analyzing module design_1_axi_dma_0_0_axi_dma_lite_if
INFO: [VRFC 10-311] analyzing module design_1_axi_dma_0_0_axi_dma_mm2s_cmdsts_if
INFO: [VRFC 10-311] analyzing module design_1_axi_dma_0_0_axi_dma_mm2s_mngr
INFO: [VRFC 10-311] analyzing module design_1_axi_dma_0_0_axi_dma_mm2s_sts_mngr
INFO: [VRFC 10-311] analyzing module design_1_axi_dma_0_0_axi_dma_reg_module
INFO: [VRFC 10-311] analyzing module design_1_axi_dma_0_0_axi_dma_register
INFO: [VRFC 10-311] analyzing module design_1_axi_dma_0_0_axi_dma_register_s2mm
INFO: [VRFC 10-311] analyzing module design_1_axi_dma_0_0_axi_dma_reset
INFO: [VRFC 10-311] analyzing module design_1_axi_dma_0_0_axi_dma_reset_1
INFO: [VRFC 10-311] analyzing module design_1_axi_dma_0_0_axi_dma_rst_module
INFO: [VRFC 10-311] analyzing module design_1_axi_dma_0_0_axi_dma_s2mm_cmdsts_if
INFO: [VRFC 10-311] analyzing module design_1_axi_dma_0_0_axi_dma_s2mm_mngr
INFO: [VRFC 10-311] analyzing module design_1_axi_dma_0_0_axi_dma_s2mm_sts_mngr
INFO: [VRFC 10-311] analyzing module design_1_axi_dma_0_0_axi_dma_smple_sm
INFO: [VRFC 10-311] analyzing module design_1_axi_dma_0_0_axi_dma_smple_sm_31
INFO: [VRFC 10-311] analyzing module design_1_axi_dma_0_0_cdc_sync
INFO: [VRFC 10-311] analyzing module design_1_axi_dma_0_0_cdc_sync_2
INFO: [VRFC 10-311] analyzing module design_1_axi_dma_0_0_cntr_incr_decr_addn_f
INFO: [VRFC 10-311] analyzing module design_1_axi_dma_0_0_cntr_incr_decr_addn_f_15
INFO: [VRFC 10-311] analyzing module design_1_axi_dma_0_0_cntr_incr_decr_addn_f_20
INFO: [VRFC 10-311] analyzing module design_1_axi_dma_0_0_cntr_incr_decr_addn_f_22
INFO: [VRFC 10-311] analyzing module design_1_axi_dma_0_0_cntr_incr_decr_addn_f_4
INFO: [VRFC 10-311] analyzing module design_1_axi_dma_0_0_cntr_incr_decr_addn_f_5
INFO: [VRFC 10-311] analyzing module design_1_axi_dma_0_0_cntr_incr_decr_addn_f__parameterized0
INFO: [VRFC 10-311] analyzing module design_1_axi_dma_0_0_cntr_incr_decr_addn_f__parameterized0_3
INFO: [VRFC 10-311] analyzing module design_1_axi_dma_0_0_cntr_incr_decr_addn_f__parameterized1
INFO: [VRFC 10-311] analyzing module design_1_axi_dma_0_0_dynshreg_f
INFO: [VRFC 10-311] analyzing module design_1_axi_dma_0_0_dynshreg_f_21
INFO: [VRFC 10-311] analyzing module design_1_axi_dma_0_0_dynshreg_f__parameterized0
INFO: [VRFC 10-311] analyzing module design_1_axi_dma_0_0_dynshreg_f__parameterized2
INFO: [VRFC 10-311] analyzing module design_1_axi_dma_0_0_dynshreg_f__parameterized3
INFO: [VRFC 10-311] analyzing module design_1_axi_dma_0_0_dynshreg_f__parameterized4
INFO: [VRFC 10-311] analyzing module design_1_axi_dma_0_0_dynshreg_f__parameterized5
INFO: [VRFC 10-311] analyzing module design_1_axi_dma_0_0_dynshreg_f__parameterized6
INFO: [VRFC 10-311] analyzing module design_1_axi_dma_0_0_srl_fifo_f
INFO: [VRFC 10-311] analyzing module design_1_axi_dma_0_0_srl_fifo_f_18
INFO: [VRFC 10-311] analyzing module design_1_axi_dma_0_0_srl_fifo_f__parameterized0
INFO: [VRFC 10-311] analyzing module design_1_axi_dma_0_0_srl_fifo_f__parameterized1
INFO: [VRFC 10-311] analyzing module design_1_axi_dma_0_0_srl_fifo_f__parameterized2
INFO: [VRFC 10-311] analyzing module design_1_axi_dma_0_0_srl_fifo_f__parameterized3
INFO: [VRFC 10-311] analyzing module design_1_axi_dma_0_0_srl_fifo_f__parameterized4
INFO: [VRFC 10-311] analyzing module design_1_axi_dma_0_0_srl_fifo_f__parameterized5
INFO: [VRFC 10-311] analyzing module design_1_axi_dma_0_0_srl_fifo_f__parameterized6
INFO: [VRFC 10-311] analyzing module design_1_axi_dma_0_0_srl_fifo_rbu_f
INFO: [VRFC 10-311] analyzing module design_1_axi_dma_0_0_srl_fifo_rbu_f_19
INFO: [VRFC 10-311] analyzing module design_1_axi_dma_0_0_srl_fifo_rbu_f__parameterized0
INFO: [VRFC 10-311] analyzing module design_1_axi_dma_0_0_srl_fifo_rbu_f__parameterized1
INFO: [VRFC 10-311] analyzing module design_1_axi_dma_0_0_srl_fifo_rbu_f__parameterized2
INFO: [VRFC 10-311] analyzing module design_1_axi_dma_0_0_srl_fifo_rbu_f__parameterized3
INFO: [VRFC 10-311] analyzing module design_1_axi_dma_0_0_srl_fifo_rbu_f__parameterized4
INFO: [VRFC 10-311] analyzing module design_1_axi_dma_0_0_srl_fifo_rbu_f__parameterized5
INFO: [VRFC 10-311] analyzing module design_1_axi_dma_0_0_srl_fifo_rbu_f__parameterized6
INFO: [VRFC 10-311] analyzing module design_1_axi_dma_0_0_sync_fifo_fg
INFO: [VRFC 10-311] analyzing module design_1_axi_dma_0_0_sync_fifo_fg__parameterized0
INFO: [VRFC 10-311] analyzing module design_1_axi_dma_0_0_sync_fifo_fg__parameterized1
INFO: [VRFC 10-311] analyzing module design_1_axi_dma_0_0_xpm_counter_updn__parameterized1
INFO: [VRFC 10-311] analyzing module design_1_axi_dma_0_0_xpm_counter_updn__parameterized1_23
INFO: [VRFC 10-311] analyzing module design_1_axi_dma_0_0_xpm_counter_updn__parameterized2
INFO: [VRFC 10-311] analyzing module design_1_axi_dma_0_0_xpm_counter_updn__parameterized2_10
INFO: [VRFC 10-311] analyzing module design_1_axi_dma_0_0_xpm_counter_updn__parameterized2_24
INFO: [VRFC 10-311] analyzing module design_1_axi_dma_0_0_xpm_counter_updn__parameterized2_27
INFO: [VRFC 10-311] analyzing module design_1_axi_dma_0_0_xpm_counter_updn__parameterized3
INFO: [VRFC 10-311] analyzing module design_1_axi_dma_0_0_xpm_counter_updn__parameterized3_11
INFO: [VRFC 10-311] analyzing module design_1_axi_dma_0_0_xpm_counter_updn__parameterized3_25
INFO: [VRFC 10-311] analyzing module design_1_axi_dma_0_0_xpm_counter_updn__parameterized3_28
INFO: [VRFC 10-311] analyzing module design_1_axi_dma_0_0_xpm_counter_updn__parameterized6
INFO: [VRFC 10-311] analyzing module design_1_axi_dma_0_0_xpm_counter_updn__parameterized6_6
INFO: [VRFC 10-311] analyzing module design_1_axi_dma_0_0_xpm_counter_updn__parameterized7
INFO: [VRFC 10-311] analyzing module design_1_axi_dma_0_0_xpm_counter_updn__parameterized7_7
INFO: [VRFC 10-311] analyzing module design_1_axi_dma_0_0_xpm_fifo_base
INFO: [VRFC 10-311] analyzing module design_1_axi_dma_0_0_xpm_fifo_base__parameterized0
INFO: [VRFC 10-311] analyzing module design_1_axi_dma_0_0_xpm_fifo_base__parameterized1
INFO: [VRFC 10-311] analyzing module design_1_axi_dma_0_0_xpm_fifo_reg_bit
INFO: [VRFC 10-311] analyzing module design_1_axi_dma_0_0_xpm_fifo_reg_bit_26
INFO: [VRFC 10-311] analyzing module design_1_axi_dma_0_0_xpm_fifo_reg_bit_9
INFO: [VRFC 10-311] analyzing module design_1_axi_dma_0_0_xpm_fifo_rst
INFO: [VRFC 10-311] analyzing module design_1_axi_dma_0_0_xpm_fifo_rst_12
INFO: [VRFC 10-311] analyzing module design_1_axi_dma_0_0_xpm_fifo_rst_30
INFO: [VRFC 10-311] analyzing module design_1_axi_dma_0_0_xpm_fifo_sync
INFO: [VRFC 10-311] analyzing module design_1_axi_dma_0_0_xpm_fifo_sync__parameterized1
INFO: [VRFC 10-311] analyzing module design_1_axi_dma_0_0_xpm_fifo_sync__parameterized3
INFO: [VRFC 10-311] analyzing module design_1_axi_dma_0_0_xpm_memory_base
INFO: [VRFC 10-311] analyzing module design_1_axi_dma_0_0_xpm_memory_base__parameterized0
INFO: [VRFC 10-311] analyzing module design_1_axi_dma_0_0_xpm_memory_base__parameterized1
INFO: [VRFC 10-311] analyzing module design_1_axi_gpio_0_0
INFO: [VRFC 10-311] analyzing module design_1_axi_gpio_0_0_GPIO_Core
INFO: [VRFC 10-311] analyzing module design_1_axi_gpio_0_0_address_decoder
INFO: [VRFC 10-311] analyzing module design_1_axi_gpio_0_0_axi_gpio
INFO: [VRFC 10-311] analyzing module design_1_axi_gpio_0_0_axi_lite_ipif
INFO: [VRFC 10-311] analyzing module design_1_axi_gpio_0_0_pselect_f
INFO: [VRFC 10-311] analyzing module design_1_axi_gpio_0_0_pselect_f__parameterized1
INFO: [VRFC 10-311] analyzing module design_1_axi_gpio_0_0_slave_attachment
INFO: [VRFC 10-311] analyzing module design_1_axi_smc_0
INFO: [VRFC 10-311] analyzing module design_1_axi_smc_0_bd_afc3
INFO: [VRFC 10-311] analyzing module design_1_axi_smc_0_bd_afc3_arsw_0
INFO: [VRFC 10-311] analyzing module design_1_axi_smc_0_bd_afc3_awsw_0
INFO: [VRFC 10-311] analyzing module design_1_axi_smc_0_bd_afc3_bsw_0
INFO: [VRFC 10-311] analyzing module design_1_axi_smc_0_bd_afc3_m00arn_0
INFO: [VRFC 10-311] analyzing module design_1_axi_smc_0_bd_afc3_m00awn_0
INFO: [VRFC 10-311] analyzing module design_1_axi_smc_0_bd_afc3_m00bn_0
INFO: [VRFC 10-311] analyzing module design_1_axi_smc_0_bd_afc3_m00e_0
INFO: [VRFC 10-311] analyzing module design_1_axi_smc_0_bd_afc3_m00rn_0
INFO: [VRFC 10-311] analyzing module design_1_axi_smc_0_bd_afc3_m00wn_0
INFO: [VRFC 10-311] analyzing module design_1_axi_smc_0_bd_afc3_psr_aclk_0
INFO: [VRFC 10-311] analyzing module design_1_axi_smc_0_bd_afc3_rsw_0
INFO: [VRFC 10-311] analyzing module design_1_axi_smc_0_bd_afc3_s00mmu_0
INFO: [VRFC 10-311] analyzing module design_1_axi_smc_0_bd_afc3_s00sic_0
INFO: [VRFC 10-311] analyzing module design_1_axi_smc_0_bd_afc3_s01mmu_0
INFO: [VRFC 10-311] analyzing module design_1_axi_smc_0_bd_afc3_s01sic_0
INFO: [VRFC 10-311] analyzing module design_1_axi_smc_0_bd_afc3_sarn_0
INFO: [VRFC 10-311] analyzing module design_1_axi_smc_0_bd_afc3_sawn_0
INFO: [VRFC 10-311] analyzing module design_1_axi_smc_0_bd_afc3_sbn_0
INFO: [VRFC 10-311] analyzing module design_1_axi_smc_0_bd_afc3_srn_0
INFO: [VRFC 10-311] analyzing module design_1_axi_smc_0_bd_afc3_swn_0
INFO: [VRFC 10-311] analyzing module design_1_axi_smc_0_bd_afc3_wsw_0
INFO: [VRFC 10-311] analyzing module design_1_axi_smc_0_cdc_sync
INFO: [VRFC 10-311] analyzing module design_1_axi_smc_0_clk_map_imp_5Y9LOC
INFO: [VRFC 10-311] analyzing module design_1_axi_smc_0_lpf
INFO: [VRFC 10-311] analyzing module design_1_axi_smc_0_m00_exit_pipeline_imp_1TZX5BB
INFO: [VRFC 10-311] analyzing module design_1_axi_smc_0_m00_nodes_imp_1GOYQYZ
INFO: [VRFC 10-311] analyzing module design_1_axi_smc_0_proc_sys_reset
INFO: [VRFC 10-311] analyzing module design_1_axi_smc_0_s00_entry_pipeline_imp_USCCV8
INFO: [VRFC 10-311] analyzing module design_1_axi_smc_0_s00_nodes_imp_Y7M43I
INFO: [VRFC 10-311] analyzing module design_1_axi_smc_0_s01_entry_pipeline_imp_1W4H5O0
INFO: [VRFC 10-311] analyzing module design_1_axi_smc_0_s01_nodes_imp_1RW0SI0
INFO: [VRFC 10-311] analyzing module design_1_axi_smc_0_sequence_psr
INFO: [VRFC 10-311] analyzing module design_1_axi_smc_0_switchboards_imp_4N4PBE
INFO: [VRFC 10-311] analyzing module design_1_axi_smc_0_upcnt_n
INFO: [VRFC 10-311] analyzing module design_1_axi_smc_0_xpm_memory_base__parameterized0
INFO: [VRFC 10-311] analyzing module design_1_axi_smc_0_xpm_memory_base__parameterized0__2
INFO: [VRFC 10-311] analyzing module design_1_axi_smc_0_xpm_memory_base__parameterized1
INFO: [VRFC 10-311] analyzing module design_1_axi_smc_0_xpm_memory_base__parameterized10
INFO: [VRFC 10-311] analyzing module design_1_axi_smc_0_xpm_memory_base__parameterized1__2
INFO: [VRFC 10-311] analyzing module design_1_axi_smc_0_xpm_memory_base__parameterized2
INFO: [VRFC 10-311] analyzing module design_1_axi_smc_0_xpm_memory_base__parameterized3
INFO: [VRFC 10-311] analyzing module design_1_axi_smc_0_xpm_memory_base__parameterized4__2
INFO: [VRFC 10-311] analyzing module design_1_axi_smc_0_xpm_memory_base__parameterized5
INFO: [VRFC 10-311] analyzing module design_1_axi_smc_0_xpm_memory_base__parameterized6__2
INFO: [VRFC 10-311] analyzing module design_1_axi_smc_0_xpm_memory_base__parameterized7
INFO: [VRFC 10-311] analyzing module design_1_axi_smc_0_xpm_memory_base__parameterized7__2
INFO: [VRFC 10-311] analyzing module design_1_axi_smc_0_xpm_memory_base__parameterized8
INFO: [VRFC 10-311] analyzing module design_1_axi_smc_0_xpm_memory_base__parameterized9
INFO: [VRFC 10-311] analyzing module design_1_axi_smc_0_xpm_memory_sdpram__parameterized0
INFO: [VRFC 10-311] analyzing module design_1_axi_smc_0_xpm_memory_sdpram__parameterized0__2
INFO: [VRFC 10-311] analyzing module design_1_axi_smc_0_xpm_memory_sdpram__parameterized1
INFO: [VRFC 10-311] analyzing module design_1_axi_smc_0_xpm_memory_sdpram__parameterized10
INFO: [VRFC 10-311] analyzing module design_1_axi_smc_0_xpm_memory_sdpram__parameterized1__2
INFO: [VRFC 10-311] analyzing module design_1_axi_smc_0_xpm_memory_sdpram__parameterized2
INFO: [VRFC 10-311] analyzing module design_1_axi_smc_0_xpm_memory_sdpram__parameterized3
INFO: [VRFC 10-311] analyzing module design_1_axi_smc_0_xpm_memory_sdpram__parameterized4__2
INFO: [VRFC 10-311] analyzing module design_1_axi_smc_0_xpm_memory_sdpram__parameterized5
INFO: [VRFC 10-311] analyzing module design_1_axi_smc_0_xpm_memory_sdpram__parameterized6__2
INFO: [VRFC 10-311] analyzing module design_1_axi_smc_0_xpm_memory_sdpram__parameterized7
INFO: [VRFC 10-311] analyzing module design_1_axi_smc_0_xpm_memory_sdpram__parameterized7__2
INFO: [VRFC 10-311] analyzing module design_1_axi_smc_0_xpm_memory_sdpram__parameterized8
INFO: [VRFC 10-311] analyzing module design_1_axi_smc_0_xpm_memory_sdpram__parameterized9
INFO: [VRFC 10-311] analyzing module design_1_axi_stream_wrapper_0_0
INFO: [VRFC 10-311] analyzing module design_1_axi_stream_wrapper_0_0_axi_stream_wrapper
INFO: [VRFC 10-311] analyzing module design_1_axi_stream_wrapper_0_0_control_fsm
INFO: [VRFC 10-311] analyzing module design_1_axi_stream_wrapper_0_0_line_buffer
INFO: [VRFC 10-311] analyzing module design_1_axi_stream_wrapper_0_0_mac_array
INFO: [VRFC 10-311] analyzing module design_1_axi_stream_wrapper_0_0_relu_activation
INFO: [VRFC 10-311] analyzing module design_1_axi_stream_wrapper_0_0_top_conv_accelerator
INFO: [VRFC 10-311] analyzing module design_1_processing_system7_0_0
INFO: [VRFC 10-311] analyzing module design_1_processing_system7_0_0_processing_system7_v5_5_processing_system7
INFO: [VRFC 10-311] analyzing module design_1_ps7_0_axi_periph_0
INFO: [VRFC 10-311] analyzing module design_1_rst_ps7_0_50M_0
INFO: [VRFC 10-311] analyzing module design_1_rst_ps7_0_50M_0_cdc_sync
INFO: [VRFC 10-311] analyzing module design_1_rst_ps7_0_50M_0_cdc_sync_0
INFO: [VRFC 10-311] analyzing module design_1_rst_ps7_0_50M_0_lpf
INFO: [VRFC 10-311] analyzing module design_1_rst_ps7_0_50M_0_proc_sys_reset
INFO: [VRFC 10-311] analyzing module design_1_rst_ps7_0_50M_0_sequence_psr
INFO: [VRFC 10-311] analyzing module design_1_rst_ps7_0_50M_0_upcnt_n
INFO: [VRFC 10-311] analyzing module design_1_system_ila_0_0
INFO: [VRFC 10-311] analyzing module design_1_system_ila_0_0_bd_f60c
INFO: [VRFC 10-311] analyzing module design_1_system_ila_0_0_bd_f60c_g_inst_0
INFO: [VRFC 10-311] analyzing module design_1_system_ila_0_0_bd_f60c_ila_lib_0
INFO: [VRFC 10-311] analyzing module design_1_wrapper
INFO: [VRFC 10-311] analyzing module design_1_xbar_0
INFO: [VRFC 10-311] analyzing module design_1_xbar_0_axi_crossbar_v2_1_18_addr_arbiter_sasd
INFO: [VRFC 10-311] analyzing module design_1_xbar_0_axi_crossbar_v2_1_18_axi_crossbar
INFO: [VRFC 10-311] analyzing module design_1_xbar_0_axi_crossbar_v2_1_18_crossbar_sasd
INFO: [VRFC 10-311] analyzing module design_1_xbar_0_axi_crossbar_v2_1_18_decerr_slave
INFO: [VRFC 10-311] analyzing module design_1_xbar_0_axi_crossbar_v2_1_18_splitter
INFO: [VRFC 10-311] analyzing module design_1_xbar_0_axi_crossbar_v2_1_18_splitter__parameterized0
INFO: [VRFC 10-311] analyzing module design_1_xbar_0_axi_register_slice_v2_1_17_axic_register_slice
INFO: [VRFC 10-311] analyzing module design_1_xlslice_0_0
INFO: [VRFC 10-311] analyzing module design_1_xlslice_0_1
INFO: [VRFC 10-311] analyzing module design_1_xlslice_1_0
INFO: [VRFC 10-311] analyzing module design_1_xlslice_2_0
INFO: [VRFC 10-311] analyzing module design_1_xlslice_3_0
INFO: [VRFC 10-311] analyzing module design_1_xlslice_4_0
INFO: [VRFC 10-311] analyzing module design_1_xlslice_5_0
INFO: [VRFC 10-311] analyzing module design_1_xlslice_6_0
INFO: [VRFC 10-311] analyzing module design_1_xlslice_7_0
INFO: [VRFC 10-311] analyzing module design_1_xlslice_8_0
INFO: [VRFC 10-311] analyzing module s00_couplers_imp_UYSKKA
INFO: [VRFC 10-311] analyzing module design_1_axi_smc_0_sc_exit_v1_0_7_a_axi3_conv
INFO: [VRFC 10-311] analyzing module design_1_axi_smc_0_sc_exit_v1_0_7_a_axi3_conv__parameterized0
INFO: [VRFC 10-311] analyzing module design_1_axi_smc_0_sc_exit_v1_0_7_axi3_conv
INFO: [VRFC 10-311] analyzing module design_1_axi_smc_0_sc_exit_v1_0_7_b_downsizer
INFO: [VRFC 10-311] analyzing module design_1_axi_smc_0_sc_exit_v1_0_7_exit
INFO: [VRFC 10-311] analyzing module design_1_axi_smc_0_sc_exit_v1_0_7_splitter
INFO: [VRFC 10-311] analyzing module design_1_axi_smc_0_sc_exit_v1_0_7_top
INFO: [VRFC 10-311] analyzing module design_1_axi_smc_0_sc_exit_v1_0_7_w_axi3_conv
INFO: [VRFC 10-311] analyzing module design_1_axi_smc_0_sc_mmu_v1_0_6_decerr_slave
INFO: [VRFC 10-311] analyzing module design_1_axi_smc_0_sc_mmu_v1_0_6_decerr_slave_60
INFO: [VRFC 10-311] analyzing module design_1_axi_smc_0_sc_mmu_v1_0_6_top
INFO: [VRFC 10-311] analyzing module design_1_axi_smc_0_sc_mmu_v1_0_6_top__1
INFO: [VRFC 10-311] analyzing module design_1_axi_smc_0_sc_node_v1_0_9_arb_alg_rr
INFO: [VRFC 10-311] analyzing module design_1_axi_smc_0_sc_node_v1_0_9_arb_alg_rr_98
INFO: [VRFC 10-311] analyzing module design_1_axi_smc_0_sc_node_v1_0_9_downsizer
INFO: [VRFC 10-311] analyzing module design_1_axi_smc_0_sc_node_v1_0_9_fi_regulator
INFO: [VRFC 10-311] analyzing module design_1_axi_smc_0_sc_node_v1_0_9_fifo
INFO: [VRFC 10-311] analyzing module design_1_axi_smc_0_sc_node_v1_0_9_fifo__parameterized0
INFO: [VRFC 10-311] analyzing module design_1_axi_smc_0_sc_node_v1_0_9_fifo__parameterized0__xdcDup__1
INFO: [VRFC 10-311] analyzing module design_1_axi_smc_0_sc_node_v1_0_9_fifo__parameterized1
INFO: [VRFC 10-311] analyzing module design_1_axi_smc_0_sc_node_v1_0_9_fifo__parameterized10
INFO: [VRFC 10-311] analyzing module design_1_axi_smc_0_sc_node_v1_0_9_fifo__parameterized11
INFO: [VRFC 10-311] analyzing module design_1_axi_smc_0_sc_node_v1_0_9_fifo__parameterized1__xdcDup__1
INFO: [VRFC 10-311] analyzing module design_1_axi_smc_0_sc_node_v1_0_9_fifo__parameterized2
INFO: [VRFC 10-311] analyzing module design_1_axi_smc_0_sc_node_v1_0_9_fifo__parameterized3
INFO: [VRFC 10-311] analyzing module design_1_axi_smc_0_sc_node_v1_0_9_fifo__parameterized4
INFO: [VRFC 10-311] analyzing module design_1_axi_smc_0_sc_node_v1_0_9_fifo__parameterized5
INFO: [VRFC 10-311] analyzing module design_1_axi_smc_0_sc_node_v1_0_9_fifo__parameterized6
INFO: [VRFC 10-311] analyzing module design_1_axi_smc_0_sc_node_v1_0_9_fifo__parameterized6__xdcDup__1
INFO: [VRFC 10-311] analyzing module design_1_axi_smc_0_sc_node_v1_0_9_fifo__parameterized7
INFO: [VRFC 10-311] analyzing module design_1_axi_smc_0_sc_node_v1_0_9_fifo__parameterized7__xdcDup__1
INFO: [VRFC 10-311] analyzing module design_1_axi_smc_0_sc_node_v1_0_9_fifo__parameterized8
INFO: [VRFC 10-311] analyzing module design_1_axi_smc_0_sc_node_v1_0_9_fifo__parameterized9
INFO: [VRFC 10-311] analyzing module design_1_axi_smc_0_sc_node_v1_0_9_fifo__xdcDup__1
INFO: [VRFC 10-311] analyzing module design_1_axi_smc_0_sc_node_v1_0_9_fifo__xdcDup__2
INFO: [VRFC 10-311] analyzing module design_1_axi_smc_0_sc_node_v1_0_9_fifo__xdcDup__3
INFO: [VRFC 10-311] analyzing module design_1_axi_smc_0_sc_node_v1_0_9_fifo__xdcDup__4
INFO: [VRFC 10-311] analyzing module design_1_axi_smc_0_sc_node_v1_0_9_ingress
INFO: [VRFC 10-311] analyzing module design_1_axi_smc_0_sc_node_v1_0_9_ingress__parameterized0
INFO: [VRFC 10-311] analyzing module design_1_axi_smc_0_sc_node_v1_0_9_ingress__parameterized3
INFO: [VRFC 10-311] analyzing module design_1_axi_smc_0_sc_node_v1_0_9_ingress__parameterized5
INFO: [VRFC 10-311] analyzing module design_1_axi_smc_0_sc_node_v1_0_9_ingress__parameterized7
INFO: [VRFC 10-311] analyzing module design_1_axi_smc_0_sc_node_v1_0_9_mi_handler
INFO: [VRFC 10-311] analyzing module design_1_axi_smc_0_sc_node_v1_0_9_mi_handler__parameterized0
INFO: [VRFC 10-311] analyzing module design_1_axi_smc_0_sc_node_v1_0_9_mi_handler__parameterized1
INFO: [VRFC 10-311] analyzing module design_1_axi_smc_0_sc_node_v1_0_9_mi_handler__parameterized2
INFO: [VRFC 10-311] analyzing module design_1_axi_smc_0_sc_node_v1_0_9_mi_handler__parameterized3
INFO: [VRFC 10-311] analyzing module design_1_axi_smc_0_sc_node_v1_0_9_mi_handler__parameterized4
INFO: [VRFC 10-311] analyzing module design_1_axi_smc_0_sc_node_v1_0_9_mi_handler__parameterized5
INFO: [VRFC 10-311] analyzing module design_1_axi_smc_0_sc_node_v1_0_9_mi_handler__parameterized6
INFO: [VRFC 10-311] analyzing module design_1_axi_smc_0_sc_node_v1_0_9_mi_handler__parameterized7
INFO: [VRFC 10-311] analyzing module design_1_axi_smc_0_sc_node_v1_0_9_mi_handler__parameterized8
INFO: [VRFC 10-311] analyzing module design_1_axi_smc_0_sc_node_v1_0_9_reg_slice3__parameterized0
INFO: [VRFC 10-311] analyzing module design_1_axi_smc_0_sc_node_v1_0_9_reg_slice3__parameterized0_82
INFO: [VRFC 10-311] analyzing module design_1_axi_smc_0_sc_node_v1_0_9_reg_slice3__parameterized1
INFO: [VRFC 10-311] analyzing module design_1_axi_smc_0_sc_node_v1_0_9_reg_slice3__parameterized1_14
INFO: [VRFC 10-311] analyzing module design_1_axi_smc_0_sc_node_v1_0_9_reg_slice3__parameterized1_46
INFO: [VRFC 10-311] analyzing module design_1_axi_smc_0_sc_node_v1_0_9_si_handler
INFO: [VRFC 10-311] analyzing module design_1_axi_smc_0_sc_node_v1_0_9_si_handler__parameterized0
INFO: [VRFC 10-311] analyzing module design_1_axi_smc_0_sc_node_v1_0_9_si_handler__parameterized1
INFO: [VRFC 10-311] analyzing module design_1_axi_smc_0_sc_node_v1_0_9_si_handler__parameterized1_80
INFO: [VRFC 10-311] analyzing module design_1_axi_smc_0_sc_node_v1_0_9_si_handler__parameterized2
INFO: [VRFC 10-311] analyzing module design_1_axi_smc_0_sc_node_v1_0_9_si_handler__parameterized2_72
INFO: [VRFC 10-311] analyzing module design_1_axi_smc_0_sc_node_v1_0_9_si_handler__parameterized3
INFO: [VRFC 10-311] analyzing module design_1_axi_smc_0_sc_node_v1_0_9_si_handler__parameterized4
INFO: [VRFC 10-311] analyzing module design_1_axi_smc_0_sc_node_v1_0_9_si_handler__parameterized5
INFO: [VRFC 10-311] analyzing module design_1_axi_smc_0_sc_node_v1_0_9_si_handler__parameterized6
INFO: [VRFC 10-311] analyzing module design_1_axi_smc_0_sc_node_v1_0_9_top
INFO: [VRFC 10-311] analyzing module design_1_axi_smc_0_sc_node_v1_0_9_top__parameterized0
INFO: [VRFC 10-311] analyzing module design_1_axi_smc_0_sc_node_v1_0_9_top__parameterized1
INFO: [VRFC 10-311] analyzing module design_1_axi_smc_0_sc_node_v1_0_9_top__parameterized2
INFO: [VRFC 10-311] analyzing module design_1_axi_smc_0_sc_node_v1_0_9_top__parameterized3
INFO: [VRFC 10-311] analyzing module design_1_axi_smc_0_sc_node_v1_0_9_top__parameterized4
INFO: [VRFC 10-311] analyzing module design_1_axi_smc_0_sc_node_v1_0_9_top__parameterized5
INFO: [VRFC 10-311] analyzing module design_1_axi_smc_0_sc_node_v1_0_9_top__parameterized6
INFO: [VRFC 10-311] analyzing module design_1_axi_smc_0_sc_node_v1_0_9_top__parameterized7
INFO: [VRFC 10-311] analyzing module design_1_axi_smc_0_sc_node_v1_0_9_top__parameterized8
INFO: [VRFC 10-311] analyzing module design_1_axi_smc_0_sc_node_v1_0_9_upsizer
INFO: [VRFC 10-311] analyzing module design_1_axi_smc_0_sc_si_converter_v1_0_6_splitter
INFO: [VRFC 10-311] analyzing module design_1_axi_smc_0_sc_si_converter_v1_0_6_top
INFO: [VRFC 10-311] analyzing module design_1_axi_smc_0_sc_si_converter_v1_0_6_top__1
INFO: [VRFC 10-311] analyzing module design_1_axi_smc_0_sc_switchboard_v1_0_5_top
INFO: [VRFC 10-311] analyzing module design_1_axi_smc_0_sc_switchboard_v1_0_5_top__1
INFO: [VRFC 10-311] analyzing module design_1_axi_smc_0_sc_switchboard_v1_0_5_top__parameterized0
INFO: [VRFC 10-311] analyzing module design_1_axi_smc_0_sc_switchboard_v1_0_5_top__parameterized1
INFO: [VRFC 10-311] analyzing module design_1_axi_smc_0_sc_switchboard_v1_0_5_top__parameterized2
INFO: [VRFC 10-311] analyzing module design_1_axi_smc_0_sc_util_v1_0_3_axi_reg_stall
INFO: [VRFC 10-311] analyzing module design_1_axi_smc_0_sc_util_v1_0_3_axi_reg_stall_107
INFO: [VRFC 10-311] analyzing module design_1_axi_smc_0_sc_util_v1_0_3_axi_reg_stall_108
INFO: [VRFC 10-311] analyzing module design_1_axi_smc_0_sc_util_v1_0_3_axi_reg_stall_109
INFO: [VRFC 10-311] analyzing module design_1_axi_smc_0_sc_util_v1_0_3_axi_reg_stall_110
INFO: [VRFC 10-311] analyzing module design_1_axi_smc_0_sc_util_v1_0_3_axi_reg_stall_111
INFO: [VRFC 10-311] analyzing module design_1_axi_smc_0_sc_util_v1_0_3_axi_reg_stall_34
INFO: [VRFC 10-311] analyzing module design_1_axi_smc_0_sc_util_v1_0_3_axi_reg_stall_35
INFO: [VRFC 10-311] analyzing module design_1_axi_smc_0_sc_util_v1_0_3_axi_reg_stall_36
INFO: [VRFC 10-311] analyzing module design_1_axi_smc_0_sc_util_v1_0_3_axi_reg_stall_55
INFO: [VRFC 10-311] analyzing module design_1_axi_smc_0_sc_util_v1_0_3_axi_reg_stall_56
INFO: [VRFC 10-311] analyzing module design_1_axi_smc_0_sc_util_v1_0_3_axi_reg_stall_61
INFO: [VRFC 10-311] analyzing module design_1_axi_smc_0_sc_util_v1_0_3_axic_reg_srl_fifo
INFO: [VRFC 10-311] analyzing module design_1_axi_smc_0_sc_util_v1_0_3_axic_reg_srl_fifo_112
INFO: [VRFC 10-311] analyzing module design_1_axi_smc_0_sc_util_v1_0_3_axic_reg_srl_fifo__parameterized0
INFO: [VRFC 10-311] analyzing module design_1_axi_smc_0_sc_util_v1_0_3_axic_reg_srl_fifo__parameterized1
INFO: [VRFC 10-311] analyzing module design_1_axi_smc_0_sc_util_v1_0_3_axic_reg_srl_fifo__parameterized2
INFO: [VRFC 10-311] analyzing module design_1_axi_smc_0_sc_util_v1_0_3_axic_reg_srl_fifo__parameterized3
INFO: [VRFC 10-311] analyzing module design_1_axi_smc_0_sc_util_v1_0_3_axic_reg_srl_fifo__parameterized4
INFO: [VRFC 10-311] analyzing module design_1_axi_smc_0_sc_util_v1_0_3_counter
INFO: [VRFC 10-311] analyzing module design_1_axi_smc_0_sc_util_v1_0_3_counter_99
INFO: [VRFC 10-311] analyzing module design_1_axi_smc_0_sc_util_v1_0_3_counter__parameterized0
INFO: [VRFC 10-311] analyzing module design_1_axi_smc_0_sc_util_v1_0_3_counter__parameterized0_1
INFO: [VRFC 10-311] analyzing module design_1_axi_smc_0_sc_util_v1_0_3_counter__parameterized0_10
INFO: [VRFC 10-311] analyzing module design_1_axi_smc_0_sc_util_v1_0_3_counter__parameterized0_101
INFO: [VRFC 10-311] analyzing module design_1_axi_smc_0_sc_util_v1_0_3_counter__parameterized0_102
INFO: [VRFC 10-311] analyzing module design_1_axi_smc_0_sc_util_v1_0_3_counter__parameterized0_104
INFO: [VRFC 10-311] analyzing module design_1_axi_smc_0_sc_util_v1_0_3_counter__parameterized0_105
INFO: [VRFC 10-311] analyzing module design_1_axi_smc_0_sc_util_v1_0_3_counter__parameterized0_11
INFO: [VRFC 10-311] analyzing module design_1_axi_smc_0_sc_util_v1_0_3_counter__parameterized0_15
INFO: [VRFC 10-311] analyzing module design_1_axi_smc_0_sc_util_v1_0_3_counter__parameterized0_16
INFO: [VRFC 10-311] analyzing module design_1_axi_smc_0_sc_util_v1_0_3_counter__parameterized0_18
INFO: [VRFC 10-311] analyzing module design_1_axi_smc_0_sc_util_v1_0_3_counter__parameterized0_19
INFO: [VRFC 10-311] analyzing module design_1_axi_smc_0_sc_util_v1_0_3_counter__parameterized0_2
INFO: [VRFC 10-311] analyzing module design_1_axi_smc_0_sc_util_v1_0_3_counter__parameterized0_3
INFO: [VRFC 10-311] analyzing module design_1_axi_smc_0_sc_util_v1_0_3_counter__parameterized0_39
INFO: [VRFC 10-311] analyzing module design_1_axi_smc_0_sc_util_v1_0_3_counter__parameterized0_40
INFO: [VRFC 10-311] analyzing module design_1_axi_smc_0_sc_util_v1_0_3_counter__parameterized0_42
INFO: [VRFC 10-311] analyzing module design_1_axi_smc_0_sc_util_v1_0_3_counter__parameterized0_43
INFO: [VRFC 10-311] analyzing module design_1_axi_smc_0_sc_util_v1_0_3_counter__parameterized0_47
INFO: [VRFC 10-311] analyzing module design_1_axi_smc_0_sc_util_v1_0_3_counter__parameterized0_48
INFO: [VRFC 10-311] analyzing module design_1_axi_smc_0_sc_util_v1_0_3_counter__parameterized0_50
INFO: [VRFC 10-311] analyzing module design_1_axi_smc_0_sc_util_v1_0_3_counter__parameterized0_51
INFO: [VRFC 10-311] analyzing module design_1_axi_smc_0_sc_util_v1_0_3_counter__parameterized0_66
INFO: [VRFC 10-311] analyzing module design_1_axi_smc_0_sc_util_v1_0_3_counter__parameterized0_67
INFO: [VRFC 10-311] analyzing module design_1_axi_smc_0_sc_util_v1_0_3_counter__parameterized0_69
INFO: [VRFC 10-311] analyzing module design_1_axi_smc_0_sc_util_v1_0_3_counter__parameterized0_7
INFO: [VRFC 10-311] analyzing module design_1_axi_smc_0_sc_util_v1_0_3_counter__parameterized0_70
INFO: [VRFC 10-311] analyzing module design_1_axi_smc_0_sc_util_v1_0_3_counter__parameterized0_74
INFO: [VRFC 10-311] analyzing module design_1_axi_smc_0_sc_util_v1_0_3_counter__parameterized0_75
INFO: [VRFC 10-311] analyzing module design_1_axi_smc_0_sc_util_v1_0_3_counter__parameterized0_77
INFO: [VRFC 10-311] analyzing module design_1_axi_smc_0_sc_util_v1_0_3_counter__parameterized0_78
INFO: [VRFC 10-311] analyzing module design_1_axi_smc_0_sc_util_v1_0_3_counter__parameterized0_8
INFO: [VRFC 10-311] analyzing module design_1_axi_smc_0_sc_util_v1_0_3_counter__parameterized0_83
INFO: [VRFC 10-311] analyzing module design_1_axi_smc_0_sc_util_v1_0_3_counter__parameterized0_84
INFO: [VRFC 10-311] analyzing module design_1_axi_smc_0_sc_util_v1_0_3_counter__parameterized0_86
INFO: [VRFC 10-311] analyzing module design_1_axi_smc_0_sc_util_v1_0_3_counter__parameterized0_87
INFO: [VRFC 10-311] analyzing module design_1_axi_smc_0_sc_util_v1_0_3_counter__parameterized0_92
INFO: [VRFC 10-311] analyzing module design_1_axi_smc_0_sc_util_v1_0_3_counter__parameterized0_93
INFO: [VRFC 10-311] analyzing module design_1_axi_smc_0_sc_util_v1_0_3_counter__parameterized0_95
INFO: [VRFC 10-311] analyzing module design_1_axi_smc_0_sc_util_v1_0_3_counter__parameterized0_96
INFO: [VRFC 10-311] analyzing module design_1_axi_smc_0_sc_util_v1_0_3_counter__parameterized1
INFO: [VRFC 10-311] analyzing module design_1_axi_smc_0_sc_util_v1_0_3_counter__parameterized1_103
INFO: [VRFC 10-311] analyzing module design_1_axi_smc_0_sc_util_v1_0_3_counter__parameterized1_106
INFO: [VRFC 10-311] analyzing module design_1_axi_smc_0_sc_util_v1_0_3_counter__parameterized1_12
INFO: [VRFC 10-311] analyzing module design_1_axi_smc_0_sc_util_v1_0_3_counter__parameterized1_17
INFO: [VRFC 10-311] analyzing module design_1_axi_smc_0_sc_util_v1_0_3_counter__parameterized1_20
INFO: [VRFC 10-311] analyzing module design_1_axi_smc_0_sc_util_v1_0_3_counter__parameterized1_4
INFO: [VRFC 10-311] analyzing module design_1_axi_smc_0_sc_util_v1_0_3_counter__parameterized1_41
INFO: [VRFC 10-311] analyzing module design_1_axi_smc_0_sc_util_v1_0_3_counter__parameterized1_44
INFO: [VRFC 10-311] analyzing module design_1_axi_smc_0_sc_util_v1_0_3_counter__parameterized1_49
INFO: [VRFC 10-311] analyzing module design_1_axi_smc_0_sc_util_v1_0_3_counter__parameterized1_52
INFO: [VRFC 10-311] analyzing module design_1_axi_smc_0_sc_util_v1_0_3_counter__parameterized1_68
INFO: [VRFC 10-311] analyzing module design_1_axi_smc_0_sc_util_v1_0_3_counter__parameterized1_71
INFO: [VRFC 10-311] analyzing module design_1_axi_smc_0_sc_util_v1_0_3_counter__parameterized1_76
INFO: [VRFC 10-311] analyzing module design_1_axi_smc_0_sc_util_v1_0_3_counter__parameterized1_79
INFO: [VRFC 10-311] analyzing module design_1_axi_smc_0_sc_util_v1_0_3_counter__parameterized1_85
INFO: [VRFC 10-311] analyzing module design_1_axi_smc_0_sc_util_v1_0_3_counter__parameterized1_88
INFO: [VRFC 10-311] analyzing module design_1_axi_smc_0_sc_util_v1_0_3_counter__parameterized1_9
INFO: [VRFC 10-311] analyzing module design_1_axi_smc_0_sc_util_v1_0_3_counter__parameterized1_94
INFO: [VRFC 10-311] analyzing module design_1_axi_smc_0_sc_util_v1_0_3_counter__parameterized1_97
INFO: [VRFC 10-311] analyzing module design_1_axi_smc_0_sc_util_v1_0_3_counter__parameterized3
INFO: [VRFC 10-311] analyzing module design_1_axi_smc_0_sc_util_v1_0_3_counter__parameterized3_64
INFO: [VRFC 10-311] analyzing module design_1_axi_smc_0_sc_util_v1_0_3_counter__parameterized4
INFO: [VRFC 10-311] analyzing module design_1_axi_smc_0_sc_util_v1_0_3_pipeline
INFO: [VRFC 10-311] analyzing module design_1_axi_smc_0_sc_util_v1_0_3_pipeline_100
INFO: [VRFC 10-311] analyzing module design_1_axi_smc_0_sc_util_v1_0_3_pipeline_13
INFO: [VRFC 10-311] analyzing module design_1_axi_smc_0_sc_util_v1_0_3_pipeline_37
INFO: [VRFC 10-311] analyzing module design_1_axi_smc_0_sc_util_v1_0_3_pipeline_38
INFO: [VRFC 10-311] analyzing module design_1_axi_smc_0_sc_util_v1_0_3_pipeline_45
INFO: [VRFC 10-311] analyzing module design_1_axi_smc_0_sc_util_v1_0_3_pipeline_5
INFO: [VRFC 10-311] analyzing module design_1_axi_smc_0_sc_util_v1_0_3_pipeline_6
INFO: [VRFC 10-311] analyzing module design_1_axi_smc_0_sc_util_v1_0_3_pipeline_63
INFO: [VRFC 10-311] analyzing module design_1_axi_smc_0_sc_util_v1_0_3_pipeline_65
INFO: [VRFC 10-311] analyzing module design_1_axi_smc_0_sc_util_v1_0_3_pipeline_73
INFO: [VRFC 10-311] analyzing module design_1_axi_smc_0_sc_util_v1_0_3_pipeline_81
INFO: [VRFC 10-311] analyzing module design_1_axi_smc_0_sc_util_v1_0_3_pipeline_91
INFO: [VRFC 10-311] analyzing module design_1_axi_smc_0_sc_util_v1_0_3_pipeline__parameterized11
INFO: [VRFC 10-311] analyzing module design_1_axi_smc_0_sc_util_v1_0_3_pipeline__parameterized11_0
INFO: [VRFC 10-311] analyzing module design_1_axi_smc_0_sc_util_v1_0_3_pipeline__parameterized13
INFO: [VRFC 10-311] analyzing module design_1_axi_smc_0_sc_util_v1_0_3_pipeline__parameterized15
INFO: [VRFC 10-311] analyzing module design_1_axi_smc_0_sc_util_v1_0_3_pipeline__parameterized17
INFO: [VRFC 10-311] analyzing module design_1_axi_smc_0_sc_util_v1_0_3_pipeline__parameterized8
INFO: [VRFC 10-311] analyzing module design_1_axi_smc_0_sc_util_v1_0_3_srl_rtl
INFO: [VRFC 10-311] analyzing module design_1_axi_smc_0_sc_util_v1_0_3_srl_rtl_113
INFO: [VRFC 10-311] analyzing module design_1_axi_smc_0_sc_util_v1_0_3_srl_rtl_114
INFO: [VRFC 10-311] analyzing module design_1_axi_smc_0_sc_util_v1_0_3_srl_rtl_115
INFO: [VRFC 10-311] analyzing module design_1_axi_smc_0_sc_util_v1_0_3_srl_rtl_116
INFO: [VRFC 10-311] analyzing module design_1_axi_smc_0_sc_util_v1_0_3_srl_rtl_117
INFO: [VRFC 10-311] analyzing module design_1_axi_smc_0_sc_util_v1_0_3_srl_rtl_118
INFO: [VRFC 10-311] analyzing module design_1_axi_smc_0_sc_util_v1_0_3_srl_rtl_119
INFO: [VRFC 10-311] analyzing module design_1_axi_smc_0_sc_util_v1_0_3_srl_rtl_120
INFO: [VRFC 10-311] analyzing module design_1_axi_smc_0_sc_util_v1_0_3_srl_rtl_121
INFO: [VRFC 10-311] analyzing module design_1_axi_smc_0_sc_util_v1_0_3_srl_rtl_122
INFO: [VRFC 10-311] analyzing module design_1_axi_smc_0_sc_util_v1_0_3_srl_rtl_123
INFO: [VRFC 10-311] analyzing module design_1_axi_smc_0_sc_util_v1_0_3_srl_rtl_124
INFO: [VRFC 10-311] analyzing module design_1_axi_smc_0_sc_util_v1_0_3_srl_rtl_125
INFO: [VRFC 10-311] analyzing module design_1_axi_smc_0_sc_util_v1_0_3_srl_rtl_126
INFO: [VRFC 10-311] analyzing module design_1_axi_smc_0_sc_util_v1_0_3_srl_rtl_127
INFO: [VRFC 10-311] analyzing module design_1_axi_smc_0_sc_util_v1_0_3_srl_rtl_128
INFO: [VRFC 10-311] analyzing module design_1_axi_smc_0_sc_util_v1_0_3_srl_rtl_129
INFO: [VRFC 10-311] analyzing module design_1_axi_smc_0_sc_util_v1_0_3_srl_rtl_130
INFO: [VRFC 10-311] analyzing module design_1_axi_smc_0_sc_util_v1_0_3_srl_rtl_131
INFO: [VRFC 10-311] analyzing module design_1_axi_smc_0_sc_util_v1_0_3_srl_rtl_132
INFO: [VRFC 10-311] analyzing module design_1_axi_smc_0_sc_util_v1_0_3_srl_rtl_133
INFO: [VRFC 10-311] analyzing module design_1_axi_smc_0_sc_util_v1_0_3_srl_rtl_134
INFO: [VRFC 10-311] analyzing module design_1_axi_smc_0_sc_util_v1_0_3_srl_rtl_135
INFO: [VRFC 10-311] analyzing module design_1_axi_smc_0_sc_util_v1_0_3_srl_rtl_136
INFO: [VRFC 10-311] analyzing module design_1_axi_smc_0_sc_util_v1_0_3_srl_rtl_137
INFO: [VRFC 10-311] analyzing module design_1_axi_smc_0_sc_util_v1_0_3_srl_rtl_138
INFO: [VRFC 10-311] analyzing module design_1_axi_smc_0_sc_util_v1_0_3_srl_rtl_24
INFO: [VRFC 10-311] analyzing module design_1_axi_smc_0_sc_util_v1_0_3_srl_rtl_26
INFO: [VRFC 10-311] analyzing module design_1_axi_smc_0_sc_util_v1_0_3_srl_rtl_28
INFO: [VRFC 10-311] analyzing module design_1_axi_smc_0_sc_util_v1_0_3_srl_rtl_29
INFO: [VRFC 10-311] analyzing module design_1_axi_smc_0_sc_util_v1_0_3_srl_rtl_30
INFO: [VRFC 10-311] analyzing module design_1_axi_smc_0_sc_util_v1_0_3_srl_rtl_31
INFO: [VRFC 10-311] analyzing module design_1_axi_smc_0_sc_util_v1_0_3_srl_rtl_33
INFO: [VRFC 10-311] analyzing module design_1_axi_smc_0_sc_util_v1_0_3_srl_rtl_89
INFO: [VRFC 10-311] analyzing module design_1_axi_smc_0_sc_util_v1_0_3_xpm_memory_fifo
INFO: [VRFC 10-311] analyzing module design_1_axi_smc_0_sc_util_v1_0_3_xpm_memory_fifo__parameterized0
INFO: [VRFC 10-311] analyzing module design_1_axi_smc_0_sc_util_v1_0_3_xpm_memory_fifo__parameterized0__xdcDup__1
INFO: [VRFC 10-311] analyzing module design_1_axi_smc_0_sc_util_v1_0_3_xpm_memory_fifo__parameterized1
INFO: [VRFC 10-311] analyzing module design_1_axi_smc_0_sc_util_v1_0_3_xpm_memory_fifo__parameterized10
INFO: [VRFC 10-311] analyzing module design_1_axi_smc_0_sc_util_v1_0_3_xpm_memory_fifo__parameterized11
INFO: [VRFC 10-311] analyzing module design_1_axi_smc_0_sc_util_v1_0_3_xpm_memory_fifo__parameterized1__xdcDup__1
INFO: [VRFC 10-311] analyzing module design_1_axi_smc_0_sc_util_v1_0_3_xpm_memory_fifo__parameterized2
INFO: [VRFC 10-311] analyzing module design_1_axi_smc_0_sc_util_v1_0_3_xpm_memory_fifo__parameterized3
INFO: [VRFC 10-311] analyzing module design_1_axi_smc_0_sc_util_v1_0_3_xpm_memory_fifo__parameterized4
INFO: [VRFC 10-311] analyzing module design_1_axi_smc_0_sc_util_v1_0_3_xpm_memory_fifo__parameterized5
INFO: [VRFC 10-311] analyzing module design_1_axi_smc_0_sc_util_v1_0_3_xpm_memory_fifo__parameterized6
INFO: [VRFC 10-311] analyzing module design_1_axi_smc_0_sc_util_v1_0_3_xpm_memory_fifo__parameterized6__xdcDup__1
INFO: [VRFC 10-311] analyzing module design_1_axi_smc_0_sc_util_v1_0_3_xpm_memory_fifo__parameterized7
INFO: [VRFC 10-311] analyzing module design_1_axi_smc_0_sc_util_v1_0_3_xpm_memory_fifo__parameterized7__xdcDup__1
INFO: [VRFC 10-311] analyzing module design_1_axi_smc_0_sc_util_v1_0_3_xpm_memory_fifo__parameterized8
INFO: [VRFC 10-311] analyzing module design_1_axi_smc_0_sc_util_v1_0_3_xpm_memory_fifo__parameterized9
INFO: [VRFC 10-311] analyzing module design_1_axi_smc_0_sc_util_v1_0_3_xpm_memory_fifo__xdcDup__1
INFO: [VRFC 10-311] analyzing module design_1_axi_smc_0_sc_util_v1_0_3_xpm_memory_fifo__xdcDup__2
INFO: [VRFC 10-311] analyzing module design_1_axi_smc_0_sc_util_v1_0_3_xpm_memory_fifo__xdcDup__3
INFO: [VRFC 10-311] analyzing module design_1_axi_smc_0_sc_util_v1_0_3_xpm_memory_fifo__xdcDup__4
INFO: [VRFC 10-311] analyzing module design_1_system_ila_0_0_blk_mem_gen_generic_cstr
INFO: [VRFC 10-311] analyzing module design_1_system_ila_0_0_blk_mem_gen_prim_width
INFO: [VRFC 10-311] analyzing module design_1_system_ila_0_0_blk_mem_gen_prim_width__parameterized0
INFO: [VRFC 10-311] analyzing module design_1_system_ila_0_0_blk_mem_gen_prim_wrapper
INFO: [VRFC 10-311] analyzing module design_1_system_ila_0_0_blk_mem_gen_prim_wrapper__parameterized0
INFO: [VRFC 10-311] analyzing module design_1_system_ila_0_0_blk_mem_gen_top
INFO: [VRFC 10-311] analyzing module design_1_system_ila_0_0_blk_mem_gen_v8_3_6
INFO: [VRFC 10-311] analyzing module design_1_system_ila_0_0_blk_mem_gen_v8_3_6_synth
INFO: [VRFC 10-311] analyzing module design_1_system_ila_0_0_ila_v6_2_7_ila
INFO: [VRFC 10-311] analyzing module design_1_system_ila_0_0_ila_v6_2_7_ila_cap_addrgen
INFO: [VRFC 10-311] analyzing module design_1_system_ila_0_0_ila_v6_2_7_ila_cap_ctrl_legacy
INFO: [VRFC 10-311] analyzing module design_1_system_ila_0_0_ila_v6_2_7_ila_cap_sample_counter
INFO: [VRFC 10-311] analyzing module design_1_system_ila_0_0_ila_v6_2_7_ila_cap_window_counter
INFO: [VRFC 10-311] analyzing module design_1_system_ila_0_0_ila_v6_2_7_ila_core
INFO: [VRFC 10-311] analyzing module design_1_system_ila_0_0_ila_v6_2_7_ila_register
INFO: [VRFC 10-311] analyzing module design_1_system_ila_0_0_ila_v6_2_7_ila_reset_ctrl
INFO: [VRFC 10-311] analyzing module design_1_system_ila_0_0_ila_v6_2_7_ila_trace_memory
INFO: [VRFC 10-311] analyzing module design_1_system_ila_0_0_ila_v6_2_7_ila_trig_match
INFO: [VRFC 10-311] analyzing module design_1_system_ila_0_0_ila_v6_2_7_ila_trigger
INFO: [VRFC 10-311] analyzing module design_1_system_ila_0_0_ltlib_v1_0_0_all_typeA
INFO: [VRFC 10-311] analyzing module design_1_system_ila_0_0_ltlib_v1_0_0_all_typeA_13
INFO: [VRFC 10-311] analyzing module design_1_system_ila_0_0_ltlib_v1_0_0_all_typeA_3
INFO: [VRFC 10-311] analyzing module design_1_system_ila_0_0_ltlib_v1_0_0_all_typeA_6
INFO: [VRFC 10-311] analyzing module design_1_system_ila_0_0_ltlib_v1_0_0_all_typeA_8
INFO: [VRFC 10-311] analyzing module design_1_system_ila_0_0_ltlib_v1_0_0_all_typeA__parameterized0
INFO: [VRFC 10-311] analyzing module design_1_system_ila_0_0_ltlib_v1_0_0_all_typeA__parameterized1
INFO: [VRFC 10-311] analyzing module design_1_system_ila_0_0_ltlib_v1_0_0_all_typeA__parameterized1_40
INFO: [VRFC 10-311] analyzing module design_1_system_ila_0_0_ltlib_v1_0_0_all_typeA__parameterized1_48
INFO: [VRFC 10-311] analyzing module design_1_system_ila_0_0_ltlib_v1_0_0_all_typeA_slice
INFO: [VRFC 10-311] analyzing module design_1_system_ila_0_0_ltlib_v1_0_0_all_typeA_slice_12
INFO: [VRFC 10-311] analyzing module design_1_system_ila_0_0_ltlib_v1_0_0_all_typeA_slice_14
INFO: [VRFC 10-311] analyzing module design_1_system_ila_0_0_ltlib_v1_0_0_all_typeA_slice_4
INFO: [VRFC 10-311] analyzing module design_1_system_ila_0_0_ltlib_v1_0_0_all_typeA_slice_7
INFO: [VRFC 10-311] analyzing module design_1_system_ila_0_0_ltlib_v1_0_0_all_typeA_slice_9
INFO: [VRFC 10-311] analyzing module design_1_system_ila_0_0_ltlib_v1_0_0_all_typeA_slice__parameterized0
INFO: [VRFC 10-311] analyzing module design_1_system_ila_0_0_ltlib_v1_0_0_all_typeA_slice__parameterized0_10
INFO: [VRFC 10-311] analyzing module design_1_system_ila_0_0_ltlib_v1_0_0_all_typeA_slice__parameterized0_11
INFO: [VRFC 10-311] analyzing module design_1_system_ila_0_0_ltlib_v1_0_0_all_typeA_slice__parameterized1
INFO: [VRFC 10-311] analyzing module design_1_system_ila_0_0_ltlib_v1_0_0_all_typeA_slice__parameterized1_41
INFO: [VRFC 10-311] analyzing module design_1_system_ila_0_0_ltlib_v1_0_0_all_typeA_slice__parameterized1_49
INFO: [VRFC 10-311] analyzing module design_1_system_ila_0_0_ltlib_v1_0_0_all_typeA_slice__parameterized2
INFO: [VRFC 10-311] analyzing module design_1_system_ila_0_0_ltlib_v1_0_0_all_typeA_slice__parameterized2_42
INFO: [VRFC 10-311] analyzing module design_1_system_ila_0_0_ltlib_v1_0_0_all_typeA_slice__parameterized2_50
INFO: [VRFC 10-311] analyzing module design_1_system_ila_0_0_ltlib_v1_0_0_allx_typeA
INFO: [VRFC 10-311] analyzing module design_1_system_ila_0_0_ltlib_v1_0_0_allx_typeA__parameterized0
INFO: [VRFC 10-311] analyzing module design_1_system_ila_0_0_ltlib_v1_0_0_allx_typeA__parameterized1
INFO: [VRFC 10-311] analyzing module design_1_system_ila_0_0_ltlib_v1_0_0_allx_typeA__parameterized2
INFO: [VRFC 10-311] analyzing module design_1_system_ila_0_0_ltlib_v1_0_0_allx_typeA__parameterized2_2
INFO: [VRFC 10-311] analyzing module design_1_system_ila_0_0_ltlib_v1_0_0_allx_typeA__parameterized2_5
INFO: [VRFC 10-311] analyzing module design_1_system_ila_0_0_ltlib_v1_0_0_allx_typeA_nodelay
INFO: [VRFC 10-311] analyzing module design_1_system_ila_0_0_ltlib_v1_0_0_allx_typeA_nodelay_39
INFO: [VRFC 10-311] analyzing module design_1_system_ila_0_0_ltlib_v1_0_0_allx_typeA_nodelay_47
INFO: [VRFC 10-311] analyzing module design_1_system_ila_0_0_ltlib_v1_0_0_async_edge_xfer
INFO: [VRFC 10-311] analyzing module design_1_system_ila_0_0_ltlib_v1_0_0_async_edge_xfer_15
INFO: [VRFC 10-311] analyzing module design_1_system_ila_0_0_ltlib_v1_0_0_async_edge_xfer_16
INFO: [VRFC 10-311] analyzing module design_1_system_ila_0_0_ltlib_v1_0_0_async_edge_xfer_17
INFO: [VRFC 10-311] analyzing module design_1_system_ila_0_0_ltlib_v1_0_0_cfglut4
INFO: [VRFC 10-311] analyzing module design_1_system_ila_0_0_ltlib_v1_0_0_cfglut4_43
INFO: [VRFC 10-311] analyzing module design_1_system_ila_0_0_ltlib_v1_0_0_cfglut5
INFO: [VRFC 10-311] analyzing module design_1_system_ila_0_0_ltlib_v1_0_0_cfglut5_37
INFO: [VRFC 10-311] analyzing module design_1_system_ila_0_0_ltlib_v1_0_0_cfglut5_44
INFO: [VRFC 10-311] analyzing module design_1_system_ila_0_0_ltlib_v1_0_0_cfglut6
INFO: [VRFC 10-311] analyzing module design_1_system_ila_0_0_ltlib_v1_0_0_cfglut6_45
INFO: [VRFC 10-311] analyzing module design_1_system_ila_0_0_ltlib_v1_0_0_cfglut6__parameterized0
INFO: [VRFC 10-311] analyzing module design_1_system_ila_0_0_ltlib_v1_0_0_cfglut7
INFO: [VRFC 10-311] analyzing module design_1_system_ila_0_0_ltlib_v1_0_0_cfglut7_36
INFO: [VRFC 10-311] analyzing module design_1_system_ila_0_0_ltlib_v1_0_0_generic_memrd
INFO: [VRFC 10-311] analyzing module design_1_system_ila_0_0_ltlib_v1_0_0_match
INFO: [VRFC 10-311] analyzing module design_1_system_ila_0_0_ltlib_v1_0_0_match__parameterized0
INFO: [VRFC 10-311] analyzing module design_1_system_ila_0_0_ltlib_v1_0_0_match__parameterized1
INFO: [VRFC 10-311] analyzing module design_1_system_ila_0_0_ltlib_v1_0_0_match__parameterized2
INFO: [VRFC 10-311] analyzing module design_1_system_ila_0_0_ltlib_v1_0_0_match__parameterized2_0
INFO: [VRFC 10-311] analyzing module design_1_system_ila_0_0_ltlib_v1_0_0_match__parameterized2_1
INFO: [VRFC 10-311] analyzing module design_1_system_ila_0_0_ltlib_v1_0_0_match_nodelay
INFO: [VRFC 10-311] analyzing module design_1_system_ila_0_0_ltlib_v1_0_0_match_nodelay_38
INFO: [VRFC 10-311] analyzing module design_1_system_ila_0_0_ltlib_v1_0_0_match_nodelay_46
INFO: [VRFC 10-311] analyzing module design_1_system_ila_0_0_ltlib_v1_0_0_rising_edge_detection
INFO: [VRFC 10-311] analyzing module design_1_system_ila_0_0_ltlib_v1_0_0_rising_edge_detection_18
INFO: [VRFC 10-311] analyzing module design_1_system_ila_0_0_xsdbs_v1_0_2_reg__parameterized19
INFO: [VRFC 10-311] analyzing module design_1_system_ila_0_0_xsdbs_v1_0_2_reg__parameterized20
INFO: [VRFC 10-311] analyzing module design_1_system_ila_0_0_xsdbs_v1_0_2_reg__parameterized21
INFO: [VRFC 10-311] analyzing module design_1_system_ila_0_0_xsdbs_v1_0_2_reg__parameterized22
INFO: [VRFC 10-311] analyzing module design_1_system_ila_0_0_xsdbs_v1_0_2_reg__parameterized34
INFO: [VRFC 10-311] analyzing module design_1_system_ila_0_0_xsdbs_v1_0_2_reg__parameterized35
INFO: [VRFC 10-311] analyzing module design_1_system_ila_0_0_xsdbs_v1_0_2_reg__parameterized36
INFO: [VRFC 10-311] analyzing module design_1_system_ila_0_0_xsdbs_v1_0_2_reg__parameterized37
INFO: [VRFC 10-311] analyzing module design_1_system_ila_0_0_xsdbs_v1_0_2_reg__parameterized38
INFO: [VRFC 10-311] analyzing module design_1_system_ila_0_0_xsdbs_v1_0_2_reg__parameterized39
INFO: [VRFC 10-311] analyzing module design_1_system_ila_0_0_xsdbs_v1_0_2_reg__parameterized40
INFO: [VRFC 10-311] analyzing module design_1_system_ila_0_0_xsdbs_v1_0_2_reg__parameterized41
INFO: [VRFC 10-311] analyzing module design_1_system_ila_0_0_xsdbs_v1_0_2_reg__parameterized42
INFO: [VRFC 10-311] analyzing module design_1_system_ila_0_0_xsdbs_v1_0_2_reg__parameterized43
INFO: [VRFC 10-311] analyzing module design_1_system_ila_0_0_xsdbs_v1_0_2_reg__parameterized44
INFO: [VRFC 10-311] analyzing module design_1_system_ila_0_0_xsdbs_v1_0_2_reg__parameterized45
INFO: [VRFC 10-311] analyzing module design_1_system_ila_0_0_xsdbs_v1_0_2_reg__parameterized47
INFO: [VRFC 10-311] analyzing module design_1_system_ila_0_0_xsdbs_v1_0_2_reg__parameterized49
INFO: [VRFC 10-311] analyzing module design_1_system_ila_0_0_xsdbs_v1_0_2_reg__parameterized52
INFO: [VRFC 10-311] analyzing module design_1_system_ila_0_0_xsdbs_v1_0_2_reg_ctl
INFO: [VRFC 10-311] analyzing module design_1_system_ila_0_0_xsdbs_v1_0_2_reg_ctl_22
INFO: [VRFC 10-311] analyzing module design_1_system_ila_0_0_xsdbs_v1_0_2_reg_ctl_23
INFO: [VRFC 10-311] analyzing module design_1_system_ila_0_0_xsdbs_v1_0_2_reg_ctl_24
INFO: [VRFC 10-311] analyzing module design_1_system_ila_0_0_xsdbs_v1_0_2_reg_ctl_25
INFO: [VRFC 10-311] analyzing module design_1_system_ila_0_0_xsdbs_v1_0_2_reg_ctl_28
INFO: [VRFC 10-311] analyzing module design_1_system_ila_0_0_xsdbs_v1_0_2_reg_ctl_30
INFO: [VRFC 10-311] analyzing module design_1_system_ila_0_0_xsdbs_v1_0_2_reg_ctl_31
INFO: [VRFC 10-311] analyzing module design_1_system_ila_0_0_xsdbs_v1_0_2_reg_ctl_32
INFO: [VRFC 10-311] analyzing module design_1_system_ila_0_0_xsdbs_v1_0_2_reg_ctl_33
INFO: [VRFC 10-311] analyzing module design_1_system_ila_0_0_xsdbs_v1_0_2_reg_ctl_34
INFO: [VRFC 10-311] analyzing module design_1_system_ila_0_0_xsdbs_v1_0_2_reg_ctl__parameterized0
INFO: [VRFC 10-311] analyzing module design_1_system_ila_0_0_xsdbs_v1_0_2_reg_ctl__parameterized1
INFO: [VRFC 10-311] analyzing module design_1_system_ila_0_0_xsdbs_v1_0_2_reg_ctl__parameterized1_26
INFO: [VRFC 10-311] analyzing module design_1_system_ila_0_0_xsdbs_v1_0_2_reg_ctl__parameterized1_29
INFO: [VRFC 10-311] analyzing module design_1_system_ila_0_0_xsdbs_v1_0_2_reg_p2s
INFO: [VRFC 10-311] analyzing module design_1_system_ila_0_0_xsdbs_v1_0_2_reg_p2s__parameterized0
INFO: [VRFC 10-311] analyzing module design_1_system_ila_0_0_xsdbs_v1_0_2_reg_p2s__parameterized1
INFO: [VRFC 10-311] analyzing module design_1_system_ila_0_0_xsdbs_v1_0_2_reg_p2s__parameterized2
INFO: [VRFC 10-311] analyzing module design_1_system_ila_0_0_xsdbs_v1_0_2_reg_p2s__parameterized3
INFO: [VRFC 10-311] analyzing module design_1_system_ila_0_0_xsdbs_v1_0_2_reg_p2s__parameterized4
INFO: [VRFC 10-311] analyzing module design_1_system_ila_0_0_xsdbs_v1_0_2_reg_p2s__parameterized5
INFO: [VRFC 10-311] analyzing module design_1_system_ila_0_0_xsdbs_v1_0_2_reg_stat
INFO: [VRFC 10-311] analyzing module design_1_system_ila_0_0_xsdbs_v1_0_2_reg_stat_19
INFO: [VRFC 10-311] analyzing module design_1_system_ila_0_0_xsdbs_v1_0_2_reg_stat_20
INFO: [VRFC 10-311] analyzing module design_1_system_ila_0_0_xsdbs_v1_0_2_reg_stat_21
INFO: [VRFC 10-311] analyzing module design_1_system_ila_0_0_xsdbs_v1_0_2_reg_stat_27
INFO: [VRFC 10-311] analyzing module design_1_system_ila_0_0_xsdbs_v1_0_2_reg_stat_35
INFO: [VRFC 10-311] analyzing module design_1_system_ila_0_0_xsdbs_v1_0_2_reg_stream
INFO: [VRFC 10-311] analyzing module design_1_system_ila_0_0_xsdbs_v1_0_2_reg_stream__parameterized0
INFO: [VRFC 10-311] analyzing module design_1_system_ila_0_0_xsdbs_v1_0_2_xsdbs
INFO: [VRFC 10-311] analyzing module glbl
INFO: [VRFC 10-2263] Analyzing SystemVerilog file "C:/Users/compumarts/Desktop/project_3/project_3.srcs/sources_1/imports/tb/tb_conv_accelerator.sv" into library xil_defaultlib
INFO: [VRFC 10-311] analyzing module tb_conv_accelerator
