
*** Running vivado
    with args -log design_1_xlslice_0_0.vds -m64 -product Vivado -mode batch -messageDb vivado.pb -notrace -source design_1_xlslice_0_0.tcl


****** Vivado v2018.2 (64-bit)
  **** SW Build 2258646 on Thu Jun 14 20:03:12 MDT 2018
  **** IP Build 2256618 on Thu Jun 14 22:10:49 MDT 2018
    ** Copyright 1986-2018 Xilinx, Inc. All Rights Reserved.

source design_1_xlslice_0_0.tcl -notrace
Command: synth_design -top design_1_xlslice_0_0 -part xc7z020clg400-1 -mode out_of_context
Starting synth_design
Attempting to get a license for feature 'Synthesis' and/or device 'xc7z020'
INFO: [Common 17-349] Got license for feature 'Synthesis' and/or device 'xc7z020'
INFO: Launching helper process for spawning children vivado processes
INFO: Helper process launched with PID 26432 
---------------------------------------------------------------------------------
Starting RTL Elaboration : Time (s): cpu = 00:00:03 ; elapsed = 00:00:04 . Memory (MB): peak = 477.422 ; gain = 93.594
---------------------------------------------------------------------------------
INFO: [Synth 8-6157] synthesizing module 'design_1_xlslice_0_0' [c:/Users/compumarts/Desktop/project_3/project_3.srcs/sources_1/bd/design_1/ip/design_1_xlslice_0_0/synth/design_1_xlslice_0_0.v:57]
INFO: [Synth 8-6157] synthesizing module 'xlslice_v1_0_1_xlslice' [c:/Users/compumarts/Desktop/project_3/project_3.srcs/sources_1/bd/design_1/ipshared/f3db/hdl/xlslice_v1_0_vl_rfs.v:13]
	Parameter DIN_WIDTH bound to: 32 - type: integer 
	Parameter DIN_FROM bound to: 0 - type: integer 
	Parameter DIN_TO bound to: 0 - type: integer 
INFO: [Synth 8-6155] done synthesizing module 'xlslice_v1_0_1_xlslice' (1#1) [c:/Users/compumarts/Desktop/project_3/project_3.srcs/sources_1/bd/design_1/ipshared/f3db/hdl/xlslice_v1_0_vl_rfs.v:13]
INFO: [Synth 8-6155] done synthesizing module 'design_1_xlslice_0_0' (2#1) [c:/Users/compumarts/Desktop/project_3/project_3.srcs/sources_1/bd/design_1/ip/design_1_xlslice_0_0/synth/design_1_xlslice_0_0.v:57]
WARNING: [Synth 8-3331] design xlslice_v1_0_1_xlslice has unconnected port Din[31]
WARNING: [Synth 8-3331] design xlslice_v1_0_1_xlslice has unconnected port Din[30]
WARNING: [Synth 8-3331] design xlslice_v1_0_1_xlslice has unconnected port Din[29]
WARNING: [Synth 8-3331] design xlslice_v1_0_1_xlslice has unconnected port Din[28]
WARNING: [Synth 8-3331] design xlslice_v1_0_1_xlslice has unconnected port Din[27]
WARNING: [Synth 8-3331] design xlslice_v1_0_1_xlslice has unconnected port Din[26]
WARNING: [Synth 8-3331] design xlslice_v1_0_1_xlslice has unconnected port Din[25]
WARNING: [Synth 8-3331] design xlslice_v1_0_1_xlslice has unconnected port Din[24]
WARNING: [Synth 8-3331] design xlslice_v1_0_1_xlslice has unconnected port Din[23]
WARNING: [Synth 8-3331] design xlslice_v1_0_1_xlslice has unconnected port Din[22]
WARNING: [Synth 8-3331] design xlslice_v1_0_1_xlslice has unconnected port Din[21]
WARNING: [Synth 8-3331] design xlslice_v1_0_1_xlslice has unconnected port Din[20]
WARNING: [Synth 8-3331] design xlslice_v1_0_1_xlslice has unconnected port Din[19]
WARNING: [Synth 8-3331] design xlslice_v1_0_1_xlslice has unconnected port Din[18]
WARNING: [Synth 8-3331] design xlslice_v1_0_1_xlslice has unconnected port Din[17]
WARNING: [Synth 8-3331] design xlslice_v1_0_1_xlslice has unconnected port Din[16]
WARNING: [Synth 8-3331] design xlslice_v1_0_1_xlslice has unconnected port Din[15]
WARNING: [Synth 8-3331] design xlslice_v1_0_1_xlslice has unconnected port Din[14]
WARNING: [Synth 8-3331] design xlslice_v1_0_1_xlslice has unconnected port Din[13]
WARNING: [Synth 8-3331] design xlslice_v1_0_1_xlslice has unconnected port Din[12]
WARNING: [Synth 8-3331] design xlslice_v1_0_1_xlslice has unconnected port Din[11]
WARNING: [Synth 8-3331] design xlslice_v1_0_1_xlslice has unconnected port Din[10]
WARNING: [Synth 8-3331] design xlslice_v1_0_1_xlslice has unconnected port Din[9]
WARNING: [Synth 8-3331] design xlslice_v1_0_1_xlslice has unconnected port Din[8]
WARNING: [Synth 8-3331] design xlslice_v1_0_1_xlslice has unconnected port Din[7]
WARNING: [Synth 8-3331] design xlslice_v1_0_1_xlslice has unconnected port Din[6]
WARNING: [Synth 8-3331] design xlslice_v1_0_1_xlslice has unconnected port Din[5]
WARNING: [Synth 8-3331] design xlslice_v1_0_1_xlslice has unconnected port Din[4]
WARNING: [Synth 8-3331] design xlslice_v1_0_1_xlslice has unconnected port Din[3]
WARNING: [Synth 8-3331] design xlslice_v1_0_1_xlslice has unconnected port Din[2]
WARNING: [Synth 8-3331] design xlslice_v1_0_1_xlslice has unconnected port Din[1]
---------------------------------------------------------------------------------
Finished RTL Elaboration : Time (s): cpu = 00:00:04 ; elapsed = 00:00:05 . Memory (MB): peak = 532.102 ; gain = 148.273
---------------------------------------------------------------------------------

Report Check Netlist: 
+------+------------------+-------+---------+-------+------------------+
|      |Item              |Errors |Warnings |Status |Description       |
+------+------------------+-------+---------+-------+------------------+
|1     |multi_driven_nets |      0|        0|Passed |Multi driven nets |
+------+------------------+-------+---------+-------+------------------+
---------------------------------------------------------------------------------
Start Handling Custom Attributes
---------------------------------------------------------------------------------
---------------------------------------------------------------------------------
Finished Handling Custom Attributes : Time (s): cpu = 00:00:04 ; elapsed = 00:00:05 . Memory (MB): peak = 532.102 ; gain = 148.273
---------------------------------------------------------------------------------
---------------------------------------------------------------------------------
Finished RTL Optimization Phase 1 : Time (s): cpu = 00:00:04 ; elapsed = 00:00:05 . Memory (MB): peak = 532.102 ; gain = 148.273
---------------------------------------------------------------------------------
INFO: [Device 21-403] Loading part xc7z020clg400-1
INFO: [Project 1-570] Preparing netlist for logic optimization

Processing XDC Constraints
Initializing timing engine
Completed Processing XDC Constraints

INFO: [Project 1-111] Unisim Transformation Summary:
No Unisim elements were transformed.

WARNING: [Constraints 18-5210] No constraint will be written out.
Constraint Validation Runtime : Time (s): cpu = 00:00:00 ; elapsed = 00:00:00.101 . Memory (MB): peak = 791.430 ; gain = 1.660
---------------------------------------------------------------------------------
Finished Constraint Validation : Time (s): cpu = 00:00:16 ; elapsed = 00:00:19 . Memory (MB): peak = 791.430 ; gain = 407.602
---------------------------------------------------------------------------------
---------------------------------------------------------------------------------
Start Loading Part and Timing Information
---------------------------------------------------------------------------------
Loading part: xc7z020clg400-1
---------------------------------------------------------------------------------
Finished Loading Part and Timing Information : Time (s): cpu = 00:00:16 ; elapsed = 00:00:19 . Memory (MB): peak = 791.430 ; gain = 407.602
---------------------------------------------------------------------------------
---------------------------------------------------------------------------------
Start Applying 'set_property' XDC Constraints
---------------------------------------------------------------------------------
---------------------------------------------------------------------------------
Finished applying 'set_property' XDC Constraints : Time (s): cpu = 00:00:16 ; elapsed = 00:00:19 . Memory (MB): peak = 791.430 ; gain = 407.602
---------------------------------------------------------------------------------
---------------------------------------------------------------------------------
Finished RTL Optimization Phase 2 : Time (s): cpu = 00:00:16 ; elapsed = 00:00:19 . Memory (MB): peak = 791.430 ; gain = 407.602
---------------------------------------------------------------------------------

Report RTL Partitions: 
+-+--------------+------------+----------+
| |RTL Partition |Replication |Instances |
+-+--------------+------------+----------+
+-+--------------+------------+----------+
---------------------------------------------------------------------------------
Start RTL Component Statistics 
---------------------------------------------------------------------------------
Detailed RTL Component Info : 
---------------------------------------------------------------------------------
Finished RTL Component Statistics 
---------------------------------------------------------------------------------
---------------------------------------------------------------------------------
Start RTL Hierarchical Component Statistics 
---------------------------------------------------------------------------------
Hierarchical RTL Component report 
---------------------------------------------------------------------------------
Finished RTL Hierarchical Component Statistics
---------------------------------------------------------------------------------
---------------------------------------------------------------------------------
Start Part Resource Summary
---------------------------------------------------------------------------------
Part Resources:
DSPs: 220 (col length:60)
BRAMs: 280 (col length: RAMB18 60 RAMB36 30)
---------------------------------------------------------------------------------
Finished Part Resource Summary
---------------------------------------------------------------------------------
---------------------------------------------------------------------------------
Start Cross Boundary and Area Optimization
---------------------------------------------------------------------------------
Warning: Parallel synthesis criteria is not met 
WARNING: [Synth 8-3330] design design_1_xlslice_0_0 has an empty top module
WARNING: [Synth 8-3331] design design_1_xlslice_0_0 has unconnected port Din[31]
WARNING: [Synth 8-3331] design design_1_xlslice_0_0 has unconnected port Din[30]
WARNING: [Synth 8-3331] design design_1_xlslice_0_0 has unconnected port Din[29]
WARNING: [Synth 8-3331] design design_1_xlslice_0_0 has unconnected port Din[28]
WARNING: [Synth 8-3331] design design_1_xlslice_0_0 has unconnected port Din[27]
WARNING: [Synth 8-3331] design design_1_xlslice_0_0 has unconnected port Din[26]
WARNING: [Synth 8-3331] design design_1_xlslice_0_0 has unconnected port Din[25]
WARNING: [Synth 8-3331] design design_1_xlslice_0_0 has unconnected port Din[24]
WARNING: [Synth 8-3331] design design_1_xlslice_0_0 has unconnected port Din[23]
WARNING: [Synth 8-3331] design design_1_xlslice_0_0 has unconnected port Din[22]
WARNING: [Synth 8-3331] design design_1_xlslice_0_0 has unconnected port Din[21]
WARNING: [Synth 8-3331] design design_1_xlslice_0_0 has unconnected port Din[20]
WARNING: [Synth 8-3331] design design_1_xlslice_0_0 has unconnected port Din[19]
WARNING: [Synth 8-3331] design design_1_xlslice_0_0 has unconnected port Din[18]
WARNING: [Synth 8-3331] design design_1_xlslice_0_0 has unconnected port Din[17]
WARNING: [Synth 8-3331] design design_1_xlslice_0_0 has unconnected port Din[16]
WARNING: [Synth 8-3331] design design_1_xlslice_0_0 has unconnected port Din[15]
WARNING: [Synth 8-3331] design design_1_xlslice_0_0 has unconnected port Din[14]
WARNING: [Synth 8-3331] design design_1_xlslice_0_0 has unconnected port Din[13]
WARNING: [Synth 8-3331] design design_1_xlslice_0_0 has unconnected port Din[12]
WARNING: [Synth 8-3331] design design_1_xlslice_0_0 has unconnected port Din[11]
WARNING: [Synth 8-3331] design design_1_xlslice_0_0 has unconnected port Din[10]
WARNING: [Synth 8-3331] design design_1_xlslice_0_0 has unconnected port Din[9]
WARNING: [Synth 8-3331] design design_1_xlslice_0_0 has unconnected port Din[8]
WARNING: [Synth 8-3331] design design_1_xlslice_0_0 has unconnected port Din[7]
WARNING: [Synth 8-3331] design design_1_xlslice_0_0 has unconnected port Din[6]
WARNING: [Synth 8-3331] design design_1_xlslice_0_0 has unconnected port Din[5]
WARNING: [Synth 8-3331] design design_1_xlslice_0_0 has unconnected port Din[4]
WARNING: [Synth 8-3331] design design_1_xlslice_0_0 has unconnected port Din[3]
WARNING: [Synth 8-3331] design design_1_xlslice_0_0 has unconnected port Din[2]
WARNING: [Synth 8-3331] design design_1_xlslice_0_0 has unconnected port Din[1]
---------------------------------------------------------------------------------
Finished Cross Boundary and Area Optimization : Time (s): cpu = 00:00:16 ; elapsed = 00:00:20 . Memory (MB): peak = 791.430 ; gain = 407.602
---------------------------------------------------------------------------------

Report RTL Partitions: 
+-+--------------+------------+----------+
| |RTL Partition |Replication |Instances |
+-+--------------+------------+----------+
+-+--------------+------------+----------+
---------------------------------------------------------------------------------
Start Applying XDC Timing Constraints
---------------------------------------------------------------------------------
---------------------------------------------------------------------------------
Finished Applying XDC Timing Constraints : Time (s): cpu = 00:00:29 ; elapsed = 00:00:34 . Memory (MB): peak = 856.859 ; gain = 473.031
---------------------------------------------------------------------------------
---------------------------------------------------------------------------------
Start Timing Optimization
---------------------------------------------------------------------------------
---------------------------------------------------------------------------------
Finished Timing Optimization : Time (s): cpu = 00:00:29 ; elapsed = 00:00:34 . Memory (MB): peak = 856.859 ; gain = 473.031
---------------------------------------------------------------------------------

Report RTL Partitions: 
+-+--------------+------------+----------+
| |RTL Partition |Replication |Instances |
+-+--------------+------------+----------+
+-+--------------+------------+----------+
---------------------------------------------------------------------------------
Start Technology Mapping
---------------------------------------------------------------------------------
---------------------------------------------------------------------------------
Finished Technology Mapping : Time (s): cpu = 00:00:29 ; elapsed = 00:00:34 . Memory (MB): peak = 856.859 ; gain = 473.031
---------------------------------------------------------------------------------

Report RTL Partitions: 
+-+--------------+------------+----------+
| |RTL Partition |Replication |Instances |
+-+--------------+------------+----------+
+-+--------------+------------+----------+
---------------------------------------------------------------------------------
Start IO Insertion
---------------------------------------------------------------------------------
---------------------------------------------------------------------------------
Start Flattening Before IO Insertion
---------------------------------------------------------------------------------
---------------------------------------------------------------------------------
Finished Flattening Before IO Insertion
---------------------------------------------------------------------------------
---------------------------------------------------------------------------------
Start Final Netlist Cleanup
---------------------------------------------------------------------------------
---------------------------------------------------------------------------------
Finished Final Netlist Cleanup
---------------------------------------------------------------------------------
---------------------------------------------------------------------------------
Finished IO Insertion : Time (s): cpu = 00:00:30 ; elapsed = 00:00:35 . Memory (MB): peak = 857.988 ; gain = 474.160
---------------------------------------------------------------------------------

Report Check Netlist: 
+------+------------------+-------+---------+-------+------------------+
|      |Item              |Errors |Warnings |Status |Description       |
+------+------------------+-------+---------+-------+------------------+
|1     |multi_driven_nets |      0|        0|Passed |Multi driven nets |
+------+------------------+-------+---------+-------+------------------+
---------------------------------------------------------------------------------
Start Renaming Generated Instances
---------------------------------------------------------------------------------
---------------------------------------------------------------------------------
Finished Renaming Generated Instances : Time (s): cpu = 00:00:30 ; elapsed = 00:00:35 . Memory (MB): peak = 857.988 ; gain = 474.160
---------------------------------------------------------------------------------

Report RTL Partitions: 
+-+--------------+------------+----------+
| |RTL Partition |Replication |Instances |
+-+--------------+------------+----------+
+-+--------------+------------+----------+
---------------------------------------------------------------------------------
Start Rebuilding User Hierarchy
---------------------------------------------------------------------------------
---------------------------------------------------------------------------------
Finished Rebuilding User Hierarchy : Time (s): cpu = 00:00:30 ; elapsed = 00:00:35 . Memory (MB): peak = 857.988 ; gain = 474.160
---------------------------------------------------------------------------------
---------------------------------------------------------------------------------
Start Renaming Generated Ports
---------------------------------------------------------------------------------
---------------------------------------------------------------------------------
Finished Renaming Generated Ports : Time (s): cpu = 00:00:30 ; elapsed = 00:00:35 . Memory (MB): peak = 857.988 ; gain = 474.160
---------------------------------------------------------------------------------
---------------------------------------------------------------------------------
Start Handling Custom Attributes
---------------------------------------------------------------------------------
---------------------------------------------------------------------------------
Finished Handling Custom Attributes : Time (s): cpu = 00:00:30 ; elapsed = 00:00:35 . Memory (MB): peak = 857.988 ; gain = 474.160
---------------------------------------------------------------------------------
---------------------------------------------------------------------------------
Start Renaming Generated Nets
---------------------------------------------------------------------------------
---------------------------------------------------------------------------------
Finished Renaming Generated Nets : Time (s): cpu = 00:00:30 ; elapsed = 00:00:35 . Memory (MB): peak = 857.988 ; gain = 474.160
---------------------------------------------------------------------------------
---------------------------------------------------------------------------------
Start Writing Synthesis Report
---------------------------------------------------------------------------------

Report BlackBoxes: 
+-+--------------+----------+
| |BlackBox name |Instances |
+-+--------------+----------+
+-+--------------+----------+

Report Cell Usage: 
+-+-----+------+
| |Cell |Count |
+-+-----+------+
+-+-----+------+

Report Instance Areas: 
+------+---------+-------+------+
|      |Instance |Module |Cells |
+------+---------+-------+------+
|1     |top      |       |     0|
+------+---------+-------+------+
---------------------------------------------------------------------------------
Finished Writing Synthesis Report : Time (s): cpu = 00:00:30 ; elapsed = 00:00:35 . Memory (MB): peak = 857.988 ; gain = 474.160
---------------------------------------------------------------------------------
Synthesis finished with 0 errors, 0 critical warnings and 32 warnings.
Synthesis Optimization Runtime : Time (s): cpu = 00:00:18 ; elapsed = 00:00:24 . Memory (MB): peak = 857.988 ; gain = 214.832
Synthesis Optimization Complete : Time (s): cpu = 00:00:30 ; elapsed = 00:00:35 . Memory (MB): peak = 857.988 ; gain = 474.160
INFO: [Project 1-571] Translating synthesized netlist
INFO: [Project 1-570] Preparing netlist for logic optimization
INFO: [Opt 31-138] Pushed 0 inverter(s) to 0 load pin(s).
INFO: [Project 1-111] Unisim Transformation Summary:
No Unisim elements were transformed.

INFO: [Common 17-83] Releasing license: Synthesis
13 Infos, 64 Warnings, 0 Critical Warnings and 0 Errors encountered.
synth_design completed successfully
synth_design: Time (s): cpu = 00:00:31 ; elapsed = 00:00:37 . Memory (MB): peak = 883.328 ; gain = 511.008
WARNING: [Constraints 18-5210] No constraint will be written out.
INFO: [Common 17-1381] The checkpoint 'C:/Users/compumarts/Desktop/project_3/project_3.runs/design_1_xlslice_0_0_synth_1/design_1_xlslice_0_0.dcp' has been generated.
INFO: [Coretcl 2-1482] Added synthesis output to IP cache for IP c:/Users/compumarts/Desktop/project_3/project_3.srcs/sources_1/bd/design_1/ip/design_1_xlslice_0_0/design_1_xlslice_0_0.xci
WARNING: [Constraints 18-5210] No constraint will be written out.
INFO: [Common 17-1381] The checkpoint 'C:/Users/compumarts/Desktop/project_3/project_3.runs/design_1_xlslice_0_0_synth_1/design_1_xlslice_0_0.dcp' has been generated.
INFO: [runtcl-4] Executing : report_utilization -file design_1_xlslice_0_0_utilization_synth.rpt -pb design_1_xlslice_0_0_utilization_synth.pb
report_utilization: Time (s): cpu = 00:00:00 ; elapsed = 00:00:00.047 . Memory (MB): peak = 887.676 ; gain = 0.000
INFO: [Common 17-206] Exiting Vivado at Thu Sep 10 00:14:38 2026...
