Vivado Simulator 2018.2
Copyright 1986-1999, 2001-2018 Xilinx, Inc. All Rights Reserved.
Running: C:/Xilinx/Vivado/2018.2/bin/unwrapped/win64.o/xelab.exe -wto 9bd478d88aac4c25bb0befe392f43059 --incr --debug typical --relax --mt 2 -L xil_defaultlib -L unisims_ver -L unimacro_ver -L secureip --snapshot tb_multi_kernel_demo_behav xil_defaultlib.tb_multi_kernel_demo xil_defaultlib.glbl -log elaborate.log 
Using 2 slave threads.
Starting static elaboration
Completed static elaboration
Starting simulation data flow analysis
WARNING: [XSIM 43-4099] "C:/Users/compumarts/Desktop/again/again.srcs/sources_1/imports/Desktop/project_2/samepad_update/samepad_update/rtl/top_conv_accelerator.sv" Line 47. Module top_conv_accelerator_default doesn't have a timescale but at least one module in design has a timescale.
WARNING: [XSIM 43-4099] "C:/Users/compumarts/Desktop/again/again.srcs/sources_1/imports/Desktop/project_1/rtl/control_fsm.sv" Line 29. Module control_fsm(CNT_W=11) doesn't have a timescale but at least one module in design has a timescale.
WARNING: [XSIM 43-4099] "C:/Users/compumarts/Desktop/again/again.srcs/sources_1/imports/Desktop/project_2/samepad_update/samepad_update/rtl/line_buffer.sv" Line 32. Module line_buffer(COL_CNT_W=6,ROW_CNT_W=6) doesn't have a timescale but at least one module in design has a timescale.
WARNING: [XSIM 43-4099] "C:/Users/compumarts/Desktop/again/again.srcs/sources_1/imports/Desktop/project_1/rtl/mac_array.sv" Line 32. Module mac_array_default doesn't have a timescale but at least one module in design has a timescale.
WARNING: [XSIM 43-4099] "C:/Users/compumarts/Desktop/again/again.srcs/sources_1/imports/Desktop/project_1/rtl/relu_activation.sv" Line 19. Module relu_activation_default doesn't have a timescale but at least one module in design has a timescale.
Completed simulation data flow analysis
Time Resolution for simulation is 1ps
Compiling module xil_defaultlib.control_fsm(CNT_W=11)
Compiling module xil_defaultlib.line_buffer(COL_CNT_W=6,ROW_CNT_...
Compiling module xil_defaultlib.relu_activation_default
Compiling module xil_defaultlib.mac_array_default
Compiling module xil_defaultlib.top_conv_accelerator_default
Compiling module xil_defaultlib.tb_multi_kernel_demo
WARNING: [XSIM 43-3373] "C:/Users/compumarts/Desktop/again/again.srcs/sources_1/imports/tb/tb_multi_kernel_demo.sv" Line 79. System function $fscanf is used as system task. This system function should have a LHS e.g. x=$fscanf().
Compiling module xil_defaultlib.glbl
Built simulation snapshot tb_multi_kernel_demo_behav
